 mudff

 Timestamp is 5e9a7b18 (Sat Apr 18 13:59:20 2020)

 Preferred load address is 00400000

 Start         Length     Name                   Class
 0001:00000000 000161b3H .text$mn                CODE
 0001:000161b3 00000000H .text$x                 CODE
 0002:00000000 0000010cH .idata$5                DATA
 0002:0000010c 00000004H .00cfg                  DATA
 0002:00000110 00000004H .CRT$XCA                DATA
 0002:00000114 00000004H .CRT$XCAA               DATA
 0002:00000118 00000004H .CRT$XCZ                DATA
 0002:0000011c 00000004H .CRT$XIA                DATA
 0002:00000120 00000004H .CRT$XIAA               DATA
 0002:00000124 00000004H .CRT$XIAC               DATA
 0002:00000128 0000000cH .CRT$XIC                DATA
 0002:00000134 00000004H .CRT$XIZ                DATA
 0002:00000138 00000004H .CRT$XPA                DATA
 0002:0000013c 00000008H .CRT$XPX                DATA
 0002:00000144 00000004H .CRT$XPXA               DATA
 0002:00000148 00000004H .CRT$XPZ                DATA
 0002:0000014c 00000004H .CRT$XTA                DATA
 0002:00000150 00000010H .CRT$XTZ                DATA
 0002:00000154 00000000H .gfids$y                DATA
 0002:00000160 00009178H .rdata                  DATA
 0002:000092d8 00000000H .rdata$r                DATA
 0002:000092d8 000002f8H .rdata$zzzdbg           DATA
 0002:000095d0 00000004H .rtc$IAA                DATA
 0002:000095d4 00000004H .rtc$IZZ                DATA
 0002:000095d8 00000004H .rtc$TAA                DATA
 0002:000095dc 00000004H .rtc$TZZ                DATA
 0002:000095e0 00000400H .xdata$x                DATA
 0002:000099e0 00000078H .edata                  DATA
 0002:00009a58 00000014H .idata$2                DATA
 0002:00009a6c 00000014H .idata$3                DATA
 0002:00009a80 0000010cH .idata$4                DATA
 0002:00009b8c 000004d2H .idata$6                DATA
 0003:00000000 000008c0H .data                   DATA
 0003:000008c0 00000000H .data$r                 DATA
 0003:000008c0 00000a34H .bss                    DATA
 0004:00000000 00000060H .rsrc$01                DATA
 0004:00000060 00000180H .rsrc$02                DATA

  Address         Publics by Value              Rva+Base       Lib:Object

 0000:00000000       ___guard_iat_count         00000000     <absolute>
 0000:00000000       ___guard_longjmp_count     00000000     <absolute>
 0000:00000000       ___guard_eh_cont_count     00000000     <absolute>
 0000:00000000       __except_list              00000000     <absolute>
 0000:00000000       ___guard_fids_count        00000000     <absolute>
 0000:00000000       ___guard_longjmp_table     00000000     <absolute>
 0000:00000000       ___hybrid_code_map_count   00000000     <absolute>
 0000:00000000       ___hybrid_auxiliary_iat    00000000     <absolute>
 0000:00000000       ___dynamic_value_reloc_table 00000000     <absolute>
 0000:00000000       ___guard_fids_table        00000000     <absolute>
 0000:00000000       ___guard_iat_table         00000000     <absolute>
 0000:00000000       ___volatile_metadata       00000000     <absolute>
 0000:00000000       ___AbsoluteZero            00000000     <absolute>
 0000:00000000       ___enclave_config          00000000     <absolute>
 0000:00000000       ___safe_se_handler_count   00000000     <absolute>
 0000:00000000       ___guard_eh_cont_table     00000000     <absolute>
 0000:00000000       ___safe_se_handler_table   00000000     <absolute>
 0000:00000000       ___hybrid_code_map         00000000     <absolute>
 0000:00000100       ___guard_flags             00000100     <absolute>
 0000:00000000       ___ImageBase               00400000     <linker-defined>
 0001:00000565       @GetMatchesSpec1@40        00401565 f   LzFind.obj
 0001:00000a80       @MatchFinder_Construct@4   00401a80 f   LzFind.obj
 0001:00000ac0       @MatchFinder_Create@24     00401ac0 f   LzFind.obj
 0001:00000c0e       @MatchFinder_CreateVTable@8 00401c0e f   LzFind.obj
 0001:00000c70       @MatchFinder_Free@8        00401c70 f   LzFind.obj
 0001:00000c99       @MatchFinder_GetIndexByte@8 00401c99 f   LzFind.obj
 0001:00000c9f       @MatchFinder_GetNumAvailableBytes@4 00401c9f f   LzFind.obj
 0001:00000ca6       @MatchFinder_GetPointerToCurrentPos@4 00401ca6 f   LzFind.obj
 0001:00000cb6       @MatchFinder_Init@4        00401cb6 f   LzFind.obj
 0001:00000cf4       @MatchFinder_MoveBlock@4   00401cf4 f   LzFind.obj
 0001:00000d31       @MatchFinder_NeedMove@4    00401d31 f   LzFind.obj
 0001:00000d40       @MatchFinder_Normalize3@12 00401d40 f   LzFind.obj
 0001:00000dfe       @MatchFinder_ReduceOffsets@8 00401dfe f   LzFind.obj
 0001:00002963       @LzmaEncProps_Init@4       00403963 f   LzmaEnc.obj
 0001:00002990       @LzmaEncProps_Normalize@4  00403990 f   LzmaEnc.obj
 0001:00003119       @LzmaEnc_Construct@4       00404119 f   LzmaEnc.obj
 0001:0000316e       @LzmaEnc_Create@4          0040416e f   LzmaEnc.obj
 0001:00003189       @LzmaEnc_Destroy@12        00404189 f   LzmaEnc.obj
 0001:000031a7       @LzmaEnc_Destruct@12       004041a7 f   LzmaEnc.obj
 0001:000031d7       @LzmaEnc_Encode@24         004041d7 f   LzmaEnc.obj
 0001:00003268       @LzmaEnc_FastPosInit@4     00404268 f   LzmaEnc.obj
 0001:000032a9       @LzmaEnc_FreeLits@8        004042a9 f   LzmaEnc.obj
 0001:000032d6       @LzmaEnc_Init@4            004042d6 f   LzmaEnc.obj
 0001:00003420       @LzmaEnc_InitPriceTables@4 00404420 f   LzmaEnc.obj
 0001:00003465       @LzmaEnc_InitPrices@4      00404465 f   LzmaEnc.obj
 0001:000034cb       @LzmaEnc_MemEncode@36      004044cb f   LzmaEnc.obj
 0001:0000356d       @LzmaEnc_SetProps@8        0040456d f   LzmaEnc.obj
 0001:00003650       @LzmaEnc_WriteProperties@12 00404650 f   LzmaEnc.obj
 0001:000036c5       @LzmaEncode@44             004046c5 f   LzmaEnc.obj
 0001:00003c9b       @lzdg_generate_data@32     00404c9b f   lzdatagen.obj
 0001:00003df7       @pcg32_random@0            00404df7 f   pcg_basic.obj
 0001:00003e01       @pcg32_random_r@4          00404e01 f   pcg_basic.obj
 0001:00003e5c       @pcg32_srandom@16          00404e5c f   pcg_basic.obj
 0001:00003e79       @pcg32_srandom_r@20        00404e79 f   pcg_basic.obj
 0001:00003eb7       ?Alloc@@YIPAXPAXI@Z        00404eb7 f   mudff_packlzma.obj
 0001:00003ebf       ?Free@@YIXPAX0@Z           00404ebf f   mudff_packlzma.obj
 0001:00003ecb       ?LzmaDecodeProperties@@YIHPAU_CLzmaProperties@@PBEH@Z 00404ecb f i mudff_packlzma.obj
 0001:00003f31       ?adler32@@YIKPAEI@Z        00404f31 f   mudff_packlzma.obj
 0001:00003f7d       ___local_stdio_printf_options 00404f7d f i mudff_packlzma.obj
 0001:00003f83       __vfprintf_l               00404f83 f i mudff_packlzma.obj
 0001:00003fa6       _compress_lzma@12          00404fa6 f   mudff_packlzma.obj
 0001:00004067       _main                      00405067 f   mudff_packlzma.obj
 0001:00004189       _printf                    00405189 f i mudff_packlzma.obj
 0001:000041c0       _get_lzmadepackersize@0    004051c0 f   lzma_decodergas.obj
 0001:000041c6       _get_lzmadepackerptr@0     004051c6 f   lzma_decodergas.obj
 0001:00004510       __aullshr                  00405510 f   LIBCMT:ullshr.obj
 0001:00004530       __ftoui3                   00405530 f   LIBCMT:ftol3.obj
 0001:00004576       __ftoul3                   00405576 f   LIBCMT:ftol3.obj
 0001:000045e8       __ftol3                    004055e8 f   LIBCMT:ftol3.obj
 0001:00004655       __dtoui3                   00405655 f   LIBCMT:ftol3.obj
 0001:000046c9       __dtoul3                   004056c9 f   LIBCMT:ftol3.obj
 0001:0000476b       __dtol3                    0040576b f   LIBCMT:ftol3.obj
 0001:00004820       __ultod3                   00405820 f   LIBCMT:ftol3.obj
 0001:00004880       __ltod3                    00405880 f   LIBCMT:ftol3.obj
 0001:000048d0       __allmul                   004058d0 f   LIBCMT:llmul.obj
 0001:00004b4b       _mainCRTStartup            00405b4b f   LIBCMT:exe_main.obj
 0001:00004b55       ___isa_available_init      00405b55 f   LIBCMT:cpu_disp.obj
 0001:00004d69       ___scrt_acquire_startup_lock 00405d69 f   LIBCMT:utility.obj
 0001:00004d9b       ___scrt_initialize_crt     00405d9b f   LIBCMT:utility.obj
 0001:00004dd4       ___scrt_initialize_onexit_tables 00405dd4 f   LIBCMT:utility.obj
 0001:00004e5b       ___scrt_is_nonwritable_in_current_image 00405e5b f   LIBCMT:utility.obj
 0001:00004eef       ___scrt_release_startup_lock 00405eef f   LIBCMT:utility.obj
 0001:00004f0c       ___scrt_uninitialize_crt   00405f0c f   LIBCMT:utility.obj
 0001:00004f34       __onexit                   00405f34 f   LIBCMT:utility.obj
 0001:00004f61       _atexit                    00405f61 f   LIBCMT:utility.obj
 0001:00004fc4       ___security_init_cookie    00405fc4 f   LIBCMT:gs_support.obj
 0001:0000500f       ___scrt_initialize_winrt   0040600f f   LIBCMT:utility_desktop.obj
 0001:0000500f       __get_startup_commit_mode  0040600f f   LIBCMT:commit_mode.obj
 0001:0000500f       __get_startup_new_mode     0040600f f   LIBCMT:new_mode.obj
 0001:0000500f       ___scrt_stub_for_initialize_mta 0040600f f   LIBCMT:utility_desktop.obj
 0001:0000500f       ___scrt_exe_initialize_mta 0040600f f   LIBCMT:utility_desktop.obj
 0001:0000500f       __matherr                  0040600f f   LIBCMT:matherr.obj
 0001:0000500f       __get_startup_thread_locale_mode 0040600f f   LIBCMT:thread_locale.obj
 0001:00005012       __get_startup_argv_mode    00406012 f   LIBCMT:argv_mode.obj
 0001:00005016       __get_startup_file_mode    00406016 f   LIBCMT:file_mode.obj
 0001:0000501c       ?__scrt_initialize_type_info@@YAXXZ 0040601c f   LIBCMT:tncleanup.obj
 0001:00005028       ___acrt_uninitialize_command_line 00406028 f   libucrt:argv_data.obj
 0001:00005028       __should_initialize_environment 00406028 f   LIBCMT:env_mode.obj
 0001:0000502b       __initialize_default_precision 0040602b f   LIBCMT:default_precision.obj
 0001:0000504c       @_guard_check_icall_nop@4  0040604c f   LIBCMT:guard_support.obj
 0001:0000504c       __initialize_invalid_parameter_handler 0040604c f   LIBCMT:invalid_parameter_handler.obj
 0001:0000504c       __initialize_denormal_control 0040604c f   LIBCMT:denormal_control.obj
 0001:0000504d       ___local_stdio_scanf_options 0040604d f i LIBCMT:default_local_stdio_options.obj
 0001:00005053       ___scrt_initialize_default_local_stdio_options 00406053 f   LIBCMT:default_local_stdio_options.obj
 0001:00005070       ___scrt_is_user_matherr_present 00406070 f   LIBCMT:matherr_detection.obj
 0001:0000507c       ___scrt_get_dyn_tls_init_callback 0040607c f   LIBCMT:dyn_tls_init.obj
 0001:00005082       ___scrt_get_dyn_tls_dtor_callback 00406082 f   LIBCMT:dyn_tls_dtor.obj
 0001:00005088       ___scrt_fastfail           00406088 f   LIBCMT:utility_desktop.obj
 0001:000051a2       ___scrt_initialize_mta     004061a2 f   LIBCMT:utility_desktop.obj
 0001:000051a7       ___scrt_is_managed_app     004061a7 f   LIBCMT:utility_desktop.obj
 0001:000051ea       ___scrt_set_unhandled_exception_filter 004061ea f   LIBCMT:utility_desktop.obj
 0001:000051f6       ___scrt_unhandled_exception_filter@4 004061f6 f   LIBCMT:utility_desktop.obj
 0001:0000524c       __crt_debugger_hook        0040624c f   LIBCMT:utility_desktop.obj
 0001:00005254       __RTC_Initialize           00406254 f   LIBCMT:initsect.obj
 0001:00005280       __RTC_Terminate            00406280 f   LIBCMT:initsect.obj
 0001:000052b0       __SEH_prolog4              004062b0 f   LIBCMT:sehprolg4.obj
 0001:000052f6       __SEH_epilog4              004062f6 f   LIBCMT:sehprolg4.obj
 0001:0000530b       ___scrt_is_ucrt_dll_in_use 0040630b f   LIBCMT:ucrt_detection.obj
 0001:00005317       @__security_check_cookie@4 00406317 f   LIBCMT:secchk.obj
 0001:00005328       ___raise_securityfailure   00406328 f   LIBCMT:gs_report.obj
 0001:00005350       ___report_gsfailure        00406350 f   LIBCMT:gs_report.obj
 0001:00005450       _memmove                   00406450 f   libvcruntime:memmove.obj
 0001:000059d0       _memcpy                    004069d0 f   libvcruntime:memcpy.obj
 0001:00005f50       _memset                    00406f50 f   libvcruntime:memset.obj
 0001:000060f0       __except_handler4          004070f0 f   libvcruntime:chandler4.obj
 0001:0000624e       ___vcrt_initialize         0040724e f   libvcruntime:initialization.obj
 0001:0000626d       ___vcrt_uninitialize       0040726d f   libvcruntime:initialization.obj
 0001:00006284       ___DestructExceptionObject 00407284 f   libvcruntime:ehhelpers.obj
 0001:00006325       ?_CallMemberFunction0@@YGXQAX0@Z 00407325 f i libvcruntime:ehhelpers.obj
 0001:0000638a       ___current_exception       0040738a f   libvcruntime:ehhelpers.obj
 0001:00006393       ___current_exception_context 00407393 f   libvcruntime:ehhelpers.obj
 0001:000063a0       __local_unwind4            004073a0 f   libvcruntime:exsup4.obj
 0001:00006478       __seh_longjmp_unwind4@4    00407478 f   libvcruntime:exsup4.obj
 0001:000064a0       @_EH4_CallFilterFunc@8     004074a0 f   libvcruntime:exsup4.obj
 0001:000064b8       @_EH4_TransferToHandler@8  004074b8 f   libvcruntime:exsup4.obj
 0001:000064d4       @_EH4_GlobalUnwind2@8      004074d4 f   libvcruntime:exsup4.obj
 0001:000064f0       @_EH4_LocalUnwind@16       004074f0 f   libvcruntime:exsup4.obj
 0001:00006507       ___except_validate_context_record 00407507 f   libvcruntime:jbcxrval.obj
 0001:00006537       ___except_validate_jump_buffer 00407537 f   libvcruntime:jbcxrval.obj
 0001:00006564       ___vcrt_freefls@4          00407564 f   libvcruntime:per_thread_data.obj
 0001:00006580       ___vcrt_getptd             00407580 f   libvcruntime:per_thread_data.obj
 0001:0000658e       ___vcrt_getptd_noexit      0040758e f   libvcruntime:per_thread_data.obj
 0001:00006620       ___vcrt_initialize_ptd     00407620 f   libvcruntime:per_thread_data.obj
 0001:00006653       ___vcrt_uninitialize_ptd   00407653 f   libvcruntime:per_thread_data.obj
 0001:0000666e       ___vcrt_initialize_locks   0040766e f   libvcruntime:locks.obj
 0001:000066aa       ___vcrt_uninitialize_locks 004076aa f   libvcruntime:locks.obj
 0001:000066e0       __global_unwind2           004076e0 f   libvcruntime:exsup.obj
 0001:00006746       __local_unwind2            00407746 f   libvcruntime:exsup.obj
 0001:000067ca       __abnormal_termination     004077ca f   libvcruntime:exsup.obj
 0001:000067f0       __NLG_Notify1              004077f0 f   libvcruntime:exsup.obj
 0001:000067fc       __NLG_Notify               004077fc f   libvcruntime:exsup.obj
 0001:00006813       __NLG_Dispatch             00407813     libvcruntime:exsup.obj
 0001:00006813       __NLG_Dispatch2            00407813     libvcruntime:exsup.obj
 0001:0000681b       __NLG_Call                 0040781b f   libvcruntime:exsup.obj
 0001:0000681d       __NLG_Return2              0040781d     libvcruntime:exsup.obj
 0001:00006901       ___vcrt_FlsAlloc           00407901 f   libvcruntime:winapi_downlevel.obj
 0001:0000693c       ___vcrt_FlsFree            0040793c f   libvcruntime:winapi_downlevel.obj
 0001:00006977       ___vcrt_FlsGetValue        00407977 f   libvcruntime:winapi_downlevel.obj
 0001:000069b2       ___vcrt_FlsSetValue        004079b2 f   libvcruntime:winapi_downlevel.obj
 0001:000069f0       ___vcrt_InitializeCriticalSectionEx 004079f0 f   libvcruntime:winapi_downlevel.obj
 0001:00006a40       __CallSettingFrame@12      00407a40 f   libvcruntime:lowhelpr.obj
 0001:00006a67       __NLG_Return               00407a67     libvcruntime:lowhelpr.obj
 0001:00006a90       _pow                       00407a90 f   libucrt:pow.obj
 0001:00006ad3       _free                      00407ad3 f   libucrt:free.obj
 0001:00006aee       _malloc                    00407aee f   libucrt:malloc.obj
 0001:00006af9       ___acrt_initialize_stdio   00407af9 f   libucrt:_file.obj
 0001:00006bc1       ___acrt_iob_func           00407bc1 f   libucrt:_file.obj
 0001:00006bd1       ___acrt_uninitialize_stdio 00407bd1 f   libucrt:_file.obj
 0001:00006c1d       __lock_file                00407c1d f   libucrt:_file.obj
 0001:00006c31       __unlock_file              00407c31 f   libucrt:_file.obj
 0001:00006ca0       ??$count@D@formatting_buffer@__crt_stdio_output@@QBEIXZ 00407ca0 f i libucrt:output.obj
 0001:00006cb8       ??$ensure_buffer_is_big_enough@D@formatting_buffer@__crt_stdio_output@@QAE_NI@Z 00407cb8 f i libucrt:output.obj
 0001:00006d35       ??$is_wide_character_specifier@D@__crt_stdio_output@@YA_N_KDW4length_modifier@0@@Z 00407d35 f i libucrt:output.obj
 0001:00006d66       ??$scratch_data@D@formatting_buffer@__crt_stdio_output@@QAEPADXZ 00407d66 f i libucrt:output.obj
 0001:00006d84       ??$type_case_integer_parse_into_buffer@I@?$output_processor@DV?$stream_output_adapter@D@__crt_stdio_output@@V?$standard_base@DV?$stream_output_adapter@D@__crt_stdio_output@@@2@@__crt_stdio_output@@AAEXII_N@Z 00407d84 f i libucrt:output.obj
 0001:00006df7       ??$type_case_integer_parse_into_buffer@_K@?$output_processor@DV?$stream_output_adapter@D@__crt_stdio_output@@V?$standard_base@DV?$stream_output_adapter@D@__crt_stdio_output@@@2@@__crt_stdio_output@@AAEX_KI_N@Z 00407df7 f i libucrt:output.obj
 0001:00006e85       ??$write_multiple_characters@V?$stream_output_adapter@D@__crt_stdio_output@@D@__crt_stdio_output@@YAXABV?$stream_output_adapter@D@0@DHQAH@Z 00407e85 f i libucrt:output.obj
 0001:00006ec0       ??0?$common_data@D@__crt_stdio_output@@IAE@XZ 00407ec0 f i libucrt:output.obj
 0001:00006f05       ??0?$output_adapter_data@DV?$stream_output_adapter@D@__crt_stdio_output@@@__crt_stdio_output@@IAE@ABV?$stream_output_adapter@D@1@_KQBDQAU__crt_locale_pointers@@QAD@Z 00407f05 f i libucrt:output.obj
 0001:00006f41       ??0_LocaleUpdate@@QAE@QAU__crt_locale_pointers@@@Z 00407f41 f i libucrt:output.obj
 0001:00006fc4       ??1formatting_buffer@__crt_stdio_output@@QAE@XZ 00407fc4 f i libucrt:output.obj
 0001:00006fde       ??4?$__crt_unique_heap_ptr@DU__crt_internal_free_policy@@@@QAEAAV0@$$QAV0@@Z 00407fde f i libucrt:output.obj
 0001:000070c1       ?crop_zeroes@__crt_stdio_output@@YAXPADQAU__crt_locale_pointers@@@Z 004080c1 f i libucrt:output.obj
 0001:00007121       ?find_next_state@?$output_processor@DV?$stream_output_adapter@D@__crt_stdio_output@@V?$standard_base@DV?$stream_output_adapter@D@__crt_stdio_output@@@2@@__crt_stdio_output@@ABE?AW4state@2@DW432@@Z 00408121 f i libucrt:output.obj
 0001:0000715e       ?force_decimal_point@__crt_stdio_output@@YAXPADQAU__crt_locale_pointers@@@Z 0040815e f i libucrt:output.obj
 0001:000071ba       ?parse_int_from_format_string@?$output_processor@DV?$stream_output_adapter@D@__crt_stdio_output@@V?$standard_base@DV?$stream_output_adapter@D@__crt_stdio_output@@@2@@__crt_stdio_output@@AAE_NQAH@Z 004081ba f i libucrt:output.obj
 0001:0000722e       ?process@?$output_processor@DV?$stream_output_adapter@D@__crt_stdio_output@@V?$standard_base@DV?$stream_output_adapter@D@__crt_stdio_output@@@2@@__crt_stdio_output@@QAEHXZ 0040822e f i libucrt:output.obj
 0001:00007342       ?state_case_flag@?$output_processor@DV?$stream_output_adapter@D@__crt_stdio_output@@V?$standard_base@DV?$stream_output_adapter@D@__crt_stdio_output@@@2@@__crt_stdio_output@@AAE_NXZ 00408342 f i libucrt:output.obj
 0001:0000737f       ?state_case_normal@?$output_processor@DV?$stream_output_adapter@D@__crt_stdio_output@@V?$standard_base@DV?$stream_output_adapter@D@__crt_stdio_output@@@2@@__crt_stdio_output@@AAE_NXZ 0040837f f i libucrt:output.obj
 0001:0000739e       ?state_case_normal_common@?$output_processor@DV?$stream_output_adapter@D@__crt_stdio_output@@V?$standard_base@DV?$stream_output_adapter@D@__crt_stdio_output@@@2@@__crt_stdio_output@@AAE_NXZ 0040839e f i libucrt:output.obj
 0001:000073d8       ?state_case_normal_tchar@?$output_processor@DV?$stream_output_adapter@D@__crt_stdio_output@@V?$standard_base@DV?$stream_output_adapter@D@__crt_stdio_output@@@2@@__crt_stdio_output@@AAE_ND@Z 004083d8 f i libucrt:output.obj
 0001:00007445       ?state_case_precision@?$output_processor@DV?$stream_output_adapter@D@__crt_stdio_output@@V?$standard_base@DV?$stream_output_adapter@D@__crt_stdio_output@@@2@@__crt_stdio_output@@AAE_NXZ 00408445 f i libucrt:output.obj
 0001:0000746b       ?state_case_size@?$output_processor@DV?$stream_output_adapter@D@__crt_stdio_output@@V?$standard_base@DV?$stream_output_adapter@D@__crt_stdio_output@@@2@@__crt_stdio_output@@AAE_NXZ 0040846b f i libucrt:output.obj
 0001:000075b9       ?state_case_type@?$output_processor@DV?$stream_output_adapter@D@__crt_stdio_output@@V?$standard_base@DV?$stream_output_adapter@D@__crt_stdio_output@@@2@@__crt_stdio_output@@AAE_NXZ 004085b9 f i libucrt:output.obj
 0001:000077eb       ?state_case_width@?$output_processor@DV?$stream_output_adapter@D@__crt_stdio_output@@V?$standard_base@DV?$stream_output_adapter@D@__crt_stdio_output@@@2@@__crt_stdio_output@@AAE_NXZ 004087eb f i libucrt:output.obj
 0001:00007816       ?to_integer_size@__crt_stdio_output@@YAIW4length_modifier@1@@Z 00408816 f i libucrt:output.obj
 0001:0000786a       ?type_case_Z@?$output_processor@DV?$stream_output_adapter@D@__crt_stdio_output@@V?$standard_base@DV?$stream_output_adapter@D@__crt_stdio_output@@@2@@__crt_stdio_output@@AAE_NXZ 0040886a f i libucrt:output.obj
 0001:000078c4       ?type_case_a@?$output_processor@DV?$stream_output_adapter@D@__crt_stdio_output@@V?$standard_base@DV?$stream_output_adapter@D@__crt_stdio_output@@@2@@__crt_stdio_output@@AAE_NXZ 004088c4 f i libucrt:output.obj
 0001:00007a13       ?type_case_c_tchar@?$output_processor@DV?$stream_output_adapter@D@__crt_stdio_output@@V?$standard_base@DV?$stream_output_adapter@D@__crt_stdio_output@@@2@@__crt_stdio_output@@AAE_ND@Z 00408a13 f i libucrt:output.obj
 0001:00007aa3       ?type_case_integer@?$output_processor@DV?$stream_output_adapter@D@__crt_stdio_output@@V?$standard_base@DV?$stream_output_adapter@D@__crt_stdio_output@@@2@@__crt_stdio_output@@AAE_NI_N@Z 00408aa3 f i libucrt:output.obj
 0001:00007bf4       ?type_case_n@?$output_processor@DV?$stream_output_adapter@D@__crt_stdio_output@@V?$standard_base@DV?$stream_output_adapter@D@__crt_stdio_output@@@2@@__crt_stdio_output@@AAE_NXZ 00408bf4 f i libucrt:output.obj
 0001:00007c68       ?type_case_o@?$output_processor@DV?$stream_output_adapter@D@__crt_stdio_output@@V?$standard_base@DV?$stream_output_adapter@D@__crt_stdio_output@@@2@@__crt_stdio_output@@AAE_NXZ 00408c68 f i libucrt:output.obj
 0001:00007c87       ?type_case_p@?$output_processor@DV?$stream_output_adapter@D@__crt_stdio_output@@V?$standard_base@DV?$stream_output_adapter@D@__crt_stdio_output@@@2@@__crt_stdio_output@@AAE_NXZ 00408c87 f i libucrt:output.obj
 0001:00007c9f       ?type_case_s@?$output_processor@DV?$stream_output_adapter@D@__crt_stdio_output@@V?$standard_base@DV?$stream_output_adapter@D@__crt_stdio_output@@@2@@__crt_stdio_output@@AAE_NXZ 00408c9f f i libucrt:output.obj
 0001:00007d10       ?validate@?$stream_output_adapter@D@__crt_stdio_output@@QBE_NXZ 00408d10 f i libucrt:output.obj
 0001:00007d31       ?validate_stream_is_ansi_if_required@?$__acrt_stdio_char_traits@D@@SA_NQAU_iobuf@@@Z 00408d31 f i libucrt:output.obj
 0001:00007db8       ?write_character_without_count_update@?$stream_output_adapter@D@__crt_stdio_output@@QBE_ND@Z 00408db8 f i libucrt:output.obj
 0001:00007dee       ?write_stored_string_tchar@?$output_processor@DV?$stream_output_adapter@D@__crt_stdio_output@@V?$standard_base@DV?$stream_output_adapter@D@__crt_stdio_output@@@2@@__crt_stdio_output@@AAE_ND@Z 00408dee f i libucrt:output.obj
 0001:00007e95       ?write_string@?$stream_output_adapter@D@__crt_stdio_output@@QBEXQBDHQAHAAV__crt_deferred_errno_cache@@@Z 00408e95 f i libucrt:output.obj
 0001:00007ec1       ?write_string_impl@?$output_adapter_common@DV?$stream_output_adapter@D@__crt_stdio_output@@@__crt_stdio_output@@IBEXQBDHQAHAAV__crt_deferred_errno_cache@@@Z 00408ec1 f i libucrt:output.obj
 0001:00007f5f       ___acrt_locale_get_ctype_array_value 00408f5f f i libucrt:output.obj
 0001:00007f81       ___stdio_common_vfprintf   00408f81 f   libucrt:output.obj
 0001:00008087       __time64                   00409087 f   libucrt:time.obj
 0001:000080c7       __errcode                  004090c7 f   libucrt:fpexcept.obj
 0001:000080fb       __except1                  004090fb f   libucrt:fpexcept.obj
 0001:000081c9       __handle_exc               004091c9 f   libucrt:fpexcept.obj
 0001:000083b4       __raise_exc                004093b4 f   libucrt:fpexcept.obj
 0001:000083d7       __raise_exc_ex             004093d7 f   libucrt:fpexcept.obj
 0001:000086cd       __set_errno_from_matherr   004096cd f   libucrt:fpexcept.obj
 0001:000086fc       __umatherr                 004096fc f   libucrt:fpexcept.obj
 0001:0000879c       __seh_filter_exe           0040979c f   libucrt:exception_filter.obj
 0001:000088f4       __query_app_type           004098f4 f   libucrt:report_runtime_error.obj
 0001:000088fa       __set_app_type             004098fa f   libucrt:report_runtime_error.obj
 0001:00008909       ??$__crt_fast_encode_pointer@P6GXPAXK0@Z@@YAP6GXPAXK0@ZQ6GX0K0@Z@Z 00409909 f i libucrt:exit.obj
 0001:00008909       ??$__crt_fast_encode_pointer@P6AHPAU_exception@@@Z@@YAP6AHPAU_exception@@@ZQ6AH0@Z@Z 00409909 f i libucrt:matherr.obj
 0001:00008909       ??$__crt_fast_encode_pointer@P6AHXZ@@YAP6AHXZQ6AHXZ@Z 00409909 f i libucrt:onexit.obj
 0001:00008909       ??$__crt_fast_encode_pointer@PAP6AXXZ@@YAPAP6AXXZQAP6AXXZ@Z 00409909 f i libucrt:onexit.obj
 0001:00008909       ??$__crt_fast_encode_pointer@PAX@@YAPAXQAX@Z 00409909 f i libucrt:initialization.obj
 0001:00008928       ___acrt_has_user_matherr   00409928 f   libucrt:matherr.obj
 0001:00008940       ___acrt_initialize_user_matherr 00409940 f   libucrt:matherr.obj
 0001:0000894f       ___acrt_invoke_user_matherr 0040994f f   libucrt:matherr.obj
 0001:00008981       ___setusermatherr          00409981 f   libucrt:matherr.obj
 0001:00008c43       ___acrt_allocate_buffer_for_argv 00409c43 f   libucrt:argv_parsing.obj
 0001:00008c92       __configure_narrow_argv    00409c92 f   libucrt:argv_parsing.obj
 0001:00008e9e       ??$uninitialize@A6AXAAPAPAD@Z@?$dual_state_global@PAPAD@__crt_state_management@@QAEXA6AXAAPAPAD@Z@Z 00409e9e f i libucrt:environment_initialization.obj
 0001:00008e9e       ??$uninitialize@A6AXAAPAPA_W@Z@?$dual_state_global@PAPA_W@__crt_state_management@@QAEXA6AXAAPAPA_W@Z@Z 00409e9e f i libucrt:environment_initialization.obj
 0001:00008efd       ___dcrt_get_or_create_narrow_environment_nolock 00409efd f   libucrt:environment_initialization.obj
 0001:00008f02       ___dcrt_uninitialize_environments_nolock 00409f02 f   libucrt:environment_initialization.obj
 0001:00008f39       __get_initial_narrow_environment 00409f39 f   libucrt:environment_initialization.obj
 0001:00008f4d       __initialize_narrow_environment 00409f4d f   libucrt:environment_initialization.obj
 0001:00008f52       __initterm                 00409f52 f   libucrt:initterm.obj
 0001:00008f97       __initterm_e               00409f97 f   libucrt:initterm.obj
 0001:000091f8       ___acrt_initialize_thread_local_exit_callback 0040a1f8 f   libucrt:exit.obj
 0001:00009207       __c_exit                   0040a207 f   libucrt:exit.obj
 0001:00009216       __cexit                    0040a216 f   libucrt:exit.obj
 0001:00009225       __exit                     0040a225 f   libucrt:exit.obj
 0001:0000923b       __register_thread_local_exe_atexit_callback 0040a23b f   libucrt:exit.obj
 0001:00009261       _exit                      0040a261 f   libucrt:exit.obj
 0001:00009277       __set_fmode                0040a277 f   libucrt:setmode.obj
 0001:000092b4       ___acrt_initialize_command_line 0040a2b4 f   libucrt:argv_data.obj
 0001:000092cd       ___p___argc                0040a2cd f   libucrt:argv_data.obj
 0001:000092d3       ___p___argv                0040a2d3 f   libucrt:argv_data.obj
 0001:00009347       ___acrt_set_locale_changed 0040a347 f   libucrt:wsetlocale.obj
 0001:00009352       ___acrt_uninitialize_locale 0040a352 f   libucrt:wsetlocale.obj
 0001:00009379       __configthreadlocale       0040a379 f   libucrt:wsetlocale.obj
 0001:000093db       __query_new_mode           0040a3db f   libucrt:new_mode.obj
 0001:000093e2       __set_new_mode             0040a3e2 f   libucrt:new_mode.obj
 0001:00009411       ___p__commode              0040a411 f   libucrt:ncommode.obj
 0001:000096d0       __crt_atexit               0040a6d0 f   libucrt:onexit.obj
 0001:000096e6       __execute_onexit_table     0040a6e6 f   libucrt:onexit.obj
 0001:00009713       __initialize_onexit_table  0040a713 f   libucrt:onexit.obj
 0001:0000973c       __register_onexit_function 0040a73c f   libucrt:onexit.obj
 0001:0000986a       ___acrt_initialize         0040a86a f   libucrt:initialization.obj
 0001:0000987c       ___acrt_uninitialize       0040a87c f   libucrt:initialization.obj
 0001:000098ac       __controlfp_s              0040a8ac f   libucrt:contrlfp.obj
 0001:0000990b       _terminate                 0040a90b f   libucrt:terminate.obj
 0001:00009947       _strcpy_s                  0040a947 f   libucrt:strcpy_s.obj
 0001:000099a1       _abort                     0040a9a1 f   libucrt:abort.obj
 0001:000099e5       _calloc                    0040a9e5 f   libucrt:calloc.obj
 0001:000099f0       ??$is_overflow_condition@K@__crt_strtox@@YA_NIK@Z 0040a9f0 f i libucrt:atox.obj
 0001:00009a21       ??$parse_integer@KV?$c_string_character_source@D@__crt_strtox@@@__crt_strtox@@YAKQAU__crt_locale_pointers@@V?$c_string_character_source@D@0@H_N@Z 0040aa21 f i libucrt:atox.obj
 0001:00009c46       ?unget@?$c_string_character_source@D@__crt_strtox@@QAEXD@Z 0040ac46 f i libucrt:atox.obj
 0001:00009c6f       ?validate@?$c_string_character_source@D@__crt_strtox@@QBE_NXZ 0040ac6f f i libucrt:atox.obj
 0001:00009c8a       __ischartype_l             0040ac8a f i libucrt:atox.obj
 0001:00009ce0       _strncmp                   0040ace0 f   libucrt:strncmp.obj
 0001:00009d58       _wcsncmp                   0040ad58 f   libucrt:wcsncmp.obj
 0001:00009d92       ___acrt_initialize_sse2    0040ad92 f   libucrt:mathfcns.obj
 0001:00009db0       __CIpow                    0040adb0 f   libucrt:pow_impl.obj
 0001:00009deb       __CIpow_default            0040adeb f   libucrt:pow_impl.obj
 0001:00009e04       __pow_default              0040ae04     libucrt:pow_impl.obj
 0001:0000a000       __CIpow_pentium4           0040b000 f   libucrt:pow_pentium4.obj
 0001:0000a019       __pow_pentium4             0040b019     libucrt:pow_pentium4.obj
 0001:0000ab20       __free_base                0040bb20 f   libucrt:free_base.obj
 0001:0000ab5a       __malloc_base              0040bb5a f   libucrt:malloc_base.obj
 0001:0000aba8       ___acrt_call_reportfault   0040bba8 f   libucrt:invalid_parameter.obj
 0001:0000ace1       ___acrt_initialize_invalid_parameter_handler 0040bce1 f   libucrt:invalid_parameter.obj
 0001:0000acf0       __invalid_parameter        0040bcf0 f   libucrt:invalid_parameter.obj
 0001:0000ad54       __invalid_parameter_noinfo 0040bd54 f   libucrt:invalid_parameter.obj
 0001:0000ad64       __invoke_watson            0040bd64 f   libucrt:invalid_parameter.obj
 0001:0000ad98       ___acrt_errno_from_os_error 0040bd98 f   libucrt:errno.obj
 0001:0000addb       ___acrt_errno_map_os_error 0040bddb f   libucrt:errno.obj
 0001:0000adfe       ___doserrno                0040bdfe f   libucrt:errno.obj
 0001:0000ae11       __errno                    0040be11 f   libucrt:errno.obj
 0001:0000ae24       __calloc_base              0040be24 f   libucrt:calloc_base.obj
 0001:0000b035       ___acrt_AppPolicyGetProcessTerminationMethodInternal@4 0040c035 f   libucrt:winapi_thunks.obj
 0001:0000b075       ___acrt_AreFileApisANSI@0  0040c075 f   libucrt:winapi_thunks.obj
 0001:0000b094       ___acrt_CompareStringEx@36 0040c094 f   libucrt:winapi_thunks.obj
 0001:0000b0f1       ___acrt_FlsAlloc@4         0040c0f1 f   libucrt:winapi_thunks.obj
 0001:0000b130       ___acrt_FlsFree@4          0040c130 f   libucrt:winapi_thunks.obj
 0001:0000b16f       ___acrt_FlsGetValue@4      0040c16f f   libucrt:winapi_thunks.obj
 0001:0000b1ae       ___acrt_FlsSetValue@8      0040c1ae f   libucrt:winapi_thunks.obj
 0001:0000b1f0       ___acrt_GetSystemTimePreciseAsFileTime@4 0040c1f0 f   libucrt:winapi_thunks.obj
 0001:0000b22f       ___acrt_InitializeCriticalSectionEx@12 0040c22f f   libucrt:winapi_thunks.obj
 0001:0000b27a       ___acrt_LCMapStringEx@36   0040c27a f   libucrt:winapi_thunks.obj
 0001:0000b2d7       ___acrt_LocaleNameToLCID@8 0040c2d7 f   libucrt:winapi_thunks.obj
 0001:0000b308       ___acrt_initialize_winapi_thunks 0040c308 f   libucrt:winapi_thunks.obj
 0001:0000b333       ___acrt_uninitialize_winapi_thunks 0040c333 f   libucrt:winapi_thunks.obj
 0001:0000b369       __fcloseall                0040c369 f   libucrt:closeall.obj
 0001:0000b5f1       ___acrt_stdio_flush_nolock 0040c5f1 f   libucrt:fflush.obj
 0001:0000b656       __fflush_nolock            0040c656 f   libucrt:fflush.obj
 0001:0000b69e       __flushall                 0040c69e f   libucrt:fflush.obj
 0001:0000b6a7       ___acrt_stdio_free_buffer_nolock 0040c6a7 f   libucrt:_freebuf.obj
 0001:0000b851       ___acrt_initialize_lowio   0040c851 f   libucrt:ioinit.obj
 0001:0000b8b1       ___acrt_uninitialize_lowio 0040c8b1 f   libucrt:ioinit.obj
 0001:0000b8dd       ??$make_c_string_character_source@DPAPAD@__crt_strtox@@YA?AV?$c_string_character_source@D@0@QBDQAPAD@Z 0040c8dd f i libucrt:strtox.obj
 0001:0000b8f8       _strtol                    0040c8f8 f   libucrt:strtox.obj
 0001:0000b922       __mbtowc_l                 0040c922 f   libucrt:mbtowc.obj
 0001:0000ba64       _mbtowc                    0040ca64 f   libucrt:mbtowc.obj
 0001:0000ba7e       __wctomb_s_l               0040ca7e f   libucrt:wctomb.obj
 0001:0000bbd9       _wctomb_s                  0040cbd9 f   libucrt:wctomb.obj
 0001:0000bbf6       _strnlen                   0040cbf6 f   libucrt:strnlen.obj
 0001:0000bd18       _wcsnlen                   0040cd18 f   libucrt:strnlen.obj
 0001:0000c206       ___acrt_getptd             0040d206 f   libucrt:per_thread_data.obj
 0001:0000c2c3       ___acrt_getptd_head        0040d2c3 f   libucrt:per_thread_data.obj
 0001:0000c35d       ___acrt_getptd_noexit      0040d35d f   libucrt:per_thread_data.obj
 0001:0000c412       ___acrt_initialize_ptd     0040d412 f   libucrt:per_thread_data.obj
 0001:0000c43e       ___acrt_uninitialize_ptd   0040d43e f   libucrt:per_thread_data.obj
 0001:0000c458       ___acrt_update_locale_info 0040d458 f   libucrt:locale_update.obj
 0001:0000c485       ___acrt_update_multibyte_info 0040d485 f   libucrt:locale_update.obj
 0001:0000c4b2       ?__acrt_fp_classify@@YA?AW4__acrt_fp_class@@ABN@Z 0040d4b2 f i libucrt:cvt.obj
 0001:0000ccfd       ___acrt_fp_format          0040dcfd f   libucrt:cvt.obj
 0001:0000ce38       __fileno                   0040de38 f   libucrt:fileno.obj
 0001:0000ce5f       __fputc_nolock             0040de5f f   libucrt:fputc.obj
 0001:0000ce88       __get_printf_count_output  0040de88 f   libucrt:printf_count_output.obj
 0001:0000ce9d       ___acrt_stdio_begin_temporary_buffering_nolock 0040de9d f   libucrt:_sftbuf.obj
 0001:0000cf50       ___acrt_stdio_end_temporary_buffering_nolock 0040df50 f   libucrt:_sftbuf.obj
 0001:0000cf8a       __decomp                   0040df8a f   libucrt:util.obj
 0001:0000d05c       __set_exp                  0040e05c f   libucrt:util.obj
 0001:0000d089       __sptype                   0040e089 f   libucrt:util.obj
 0001:0000d0e7       ___set_fpsr_sse2           0040e0e7 f   libucrt:fpctrl.obj
 0001:0000d167       __clrfp                    0040e167 f   libucrt:fpctrl.obj
 0001:0000d178       __ctrlfp                   0040e178 f   libucrt:fpctrl.obj
 0001:0000d1a2       __set_statfp               0040e1a2 f   libucrt:fpctrl.obj
 0001:0000d1fb       __statfp                   0040e1fb f   libucrt:fpctrl.obj
 0001:0000d3a4       ??$__acrt_mbs_to_wcs_cp@U__crt_win32_buffer_internal_dynamic_resizing@@@@YAHQBDAAV?$__crt_win32_buffer@_WU__crt_win32_buffer_internal_dynamic_resizing@@@@I@Z 0040e3a4 f i libucrt:argv_wildcards.obj
 0001:0000d8b8       ?__acrt_get_utf8_acp_compatibility_codepage@@YAIXZ 0040e8b8 f i libucrt:argv_wildcards.obj
 0001:0000d8f7       ?_deallocate@?$__crt_win32_buffer@DU__crt_win32_buffer_internal_dynamic_resizing@@@@AAEXXZ 0040e8f7 f i libucrt:argv_wildcards.obj
 0001:0000d8f7       ?_deallocate@?$__crt_win32_buffer@_WU__crt_win32_buffer_internal_dynamic_resizing@@@@AAEXXZ 0040e8f7 f i libucrt:argv_wildcards.obj
 0001:0000d911       ?allocate@?$__crt_win32_buffer@DU__crt_win32_buffer_internal_dynamic_resizing@@@@QAEHI@Z 0040e911 f i libucrt:argv_wildcards.obj
 0001:0000d94d       ?allocate@?$__crt_win32_buffer@_WU__crt_win32_buffer_internal_dynamic_resizing@@@@QAEHI@Z 0040e94d f i libucrt:argv_wildcards.obj
 0001:0000d98c       ?allocate@__crt_win32_buffer_internal_dynamic_resizing@@SAHQAPAXIABV__crt_win32_buffer_empty_debug_info@@@Z 0040e98c f i libucrt:argv_wildcards.obj
 0001:0000da32       ___acrt_expand_narrow_argv_wildcards 0040ea32 f   libucrt:argv_wildcards.obj
 0001:0000db04       ?allocate@?$__crt_win32_buffer@DU__crt_win32_buffer_no_resizing@@@@QAEHI@Z 0040eb04 f i libucrt:getmodulefilenamea.obj
 0001:0000db2b       ?set_to_nullptr@?$__crt_win32_buffer@DU__crt_win32_buffer_no_resizing@@@@QAEXXZ 0040eb2b f i libucrt:getmodulefilenamea.obj
 0001:0000db3f       ___acrt_GetModuleFileNameA 0040eb3f f   libucrt:getmodulefilenamea.obj
 0001:0000e0fe       ___acrt_initialize_multibyte 0040f0fe f   libucrt:mbctype.obj
 0001:0000e146       ___acrt_update_thread_multibyte_data 0040f146 f   libucrt:mbctype.obj
 0001:0000e159       __setmbcp_nolock           0040f159 f   libucrt:mbctype.obj
 0001:0000e424       __ismbblead                0040f424 f   libucrt:ismbbyte.obj
 0001:0000e43c       ___acrt_MultiByteToWideChar 0040f43c f   libucrt:multibytetowidechar.obj
 0001:0000e4b8       ___acrt_WideCharToMultiByte 0040f4b8 f   libucrt:widechartomultibyte.obj
 0001:0000e59c       ___dcrt_get_narrow_environment_from_os 0040f59c f   libucrt:get_environment_from_os.obj
 0001:0000e97d       ___dcrt_set_variable_in_narrow_environment_nolock 0040f97d f   libucrt:setenv.obj
 0001:0000e988       ___acrt_initialize_locks   0040f988 f   libucrt:locks.obj
 0001:0000e9c9       ___acrt_lock               0040f9c9 f   libucrt:locks.obj
 0001:0000e9e0       ___acrt_uninitialize_locks 0040f9e0 f   libucrt:locks.obj
 0001:0000ea11       ___acrt_unlock             0040fa11 f   libucrt:locks.obj
 0001:0000ea28       ___acrt_get_process_end_policy 0040fa28 f   libucrt:win_policies.obj
 0001:0000ea59       ___acrt_lowio_create_handle_array 0040fa59 f   libucrt:osfinfo.obj
 0001:0000ead4       ___acrt_lowio_destroy_handle_array 0040fad4 f   libucrt:osfinfo.obj
 0001:0000eb09       ___acrt_lowio_ensure_fh_exists 0040fb09 f   libucrt:osfinfo.obj
 0001:0000eba7       ___acrt_lowio_lock_fh      0040fba7 f   libucrt:osfinfo.obj
 0001:0000ebca       ___acrt_lowio_unlock_fh    0040fbca f   libucrt:osfinfo.obj
 0001:0000ebed       __free_osfhnd              0040fbed f   libucrt:osfinfo.obj
 0001:0000ec7e       __get_osfhandle            0040fc7e f   libucrt:osfinfo.obj
 0001:0000ece8       ___acrt_locale_free_monetary 0040fce8 f   libucrt:initmon.obj
 0001:0000ede6       ___acrt_locale_free_numeric 0040fde6 f   libucrt:initnum.obj
 0001:0000ee87       ___acrt_locale_free_time   0040fe87 f   libucrt:inittime.obj
 0001:0000ef6b       ___pctype_func             0040ff6b f   libucrt:ctype.obj
 0001:0000ef8f       ___acrt_GetStringTypeA     0040ff8f f   libucrt:getstringtypea.obj
 0001:0000f092       __freea_crt                00410092 f i libucrt:getstringtypea.obj
 0001:0000f0b2       ___acrt_add_locale_ref     004100b2 f   libucrt:locale_refcounting.obj
 0001:0000f12f       ___acrt_free_locale        0041012f f   libucrt:locale_refcounting.obj
 0001:0000f277       ___acrt_locale_add_lc_time_reference 00410277 f   libucrt:locale_refcounting.obj
 0001:0000f2a0       ___acrt_locale_free_lc_time_if_unreferenced 004102a0 f   libucrt:locale_refcounting.obj
 0001:0000f2d1       ___acrt_locale_release_lc_time_reference 004102d1 f   libucrt:locale_refcounting.obj
 0001:0000f2fa       ___acrt_release_locale_ref 004102fa f   libucrt:locale_refcounting.obj
 0001:0000f37b       ___acrt_update_thread_locale_data 0041037b f   libucrt:locale_refcounting.obj
 0001:0000f3fc       __updatetlocinfoEx_nolock  004103fc f   libucrt:locale_refcounting.obj
 0001:0000f44c       __recalloc_base            0041044c f   libucrt:recalloc.obj
 0001:0000f4b9       ___acrt_initialize_heap    004104b9 f   libucrt:heap_handle.obj
 0001:0000f4ca       ___acrt_uninitialize_heap  004104ca f   libucrt:heap_handle.obj
 0001:0000f4d4       ___acrt_execute_initializers 004104d4 f   libucrt:shared_initialization.obj
 0001:0000f53c       ___acrt_execute_uninitializers 0041053c f   libucrt:shared_initialization.obj
 0001:0000f56d       ___acrt_initialize_new_handler 0041056d f   libucrt:new_handler.obj
 0001:0000f57c       __callnewh                 0041057c f   libucrt:new_handler.obj
 0001:0000f5a9       __query_new_handler        004105a9 f   libucrt:new_handler.obj
 0001:0000f6d3       ___acrt_get_sigabrt_handler 004106d3 f   libucrt:signal.obj
 0001:0000f6fa       ___acrt_initialize_signal_handlers 004106fa f   libucrt:signal.obj
 0001:0000f718       ___fpecode                 00410718 f   libucrt:signal.obj
 0001:0000f721       _raise                     00410721 f   libucrt:signal.obj
 0001:0000f9c3       __clearfp                  004109c3 f   libucrt:ieee87.obj
 0001:0000faa1       __control87                00410aa1 f   libucrt:ieee87.obj
 0001:0000fe40       __isctype_l                00410e40 f   libucrt:isctype.obj
 0001:0000ff30       __fFEXP                    00410f30 f   libucrt:87tran.obj
 0001:0000ff87       __rtinfpopse               00410f87     libucrt:87tran.obj
 0001:0000ff89       __rtinfnpopse              00410f89     libucrt:87tran.obj
 0001:0000ff99       __fFLN                     00410f99     libucrt:87tran.obj
 0001:0001004e       __rtinfpop                 0041104e     libucrt:87tran.obj
 0001:00010050       __rtinfnpop                00411050     libucrt:87tran.obj
 0001:00010060       __rtforexpinf              00411060 f   libucrt:87tran.obj
 0001:0001006d       __ffexpm1                  0041106d     libucrt:87tran.obj
 0001:00010120       __trandisp1                00411120 f   libucrt:87disp.obj
 0001:00010195       __trandisp2                00411195 f   libucrt:87disp.obj
 0001:0001022f       __rttospopde               0041122f     libucrt:87disp.obj
 0001:00010234       __rttospop                 00411234     libucrt:87disp.obj
 0001:00010240       __rtnospop                 00411240 f   libucrt:87disp.obj
 0001:00010250       __rttosnpop                00411250 f   libucrt:87disp.obj
 0001:00010251       __rtnospopde               00411251     libucrt:87disp.obj
 0001:00010258       __rtzeropop                00411258     libucrt:87disp.obj
 0001:0001025a       __rtzeronpop               0041125a     libucrt:87disp.obj
 0001:00010260       __rtzerospop               00411260 f   libucrt:87disp.obj
 0001:0001026d       __rtonepop                 0041126d     libucrt:87disp.obj
 0001:00010270       __rtonenpop                00411270 f   libucrt:87disp.obj
 0001:00010280       __tosnan1                  00411280 f   libucrt:87disp.obj
 0001:000102b0       __nosnan2                  004112b0 f   libucrt:87disp.obj
 0001:000102c0       __tosnan2                  004112c0 f   libucrt:87disp.obj
 0001:000102f0       __nan2                     004112f0 f   libucrt:87disp.obj
 0001:00010330       __rtindfpop                00411330 f   libucrt:87disp.obj
 0001:00010332       __rtindfnpop               00411332     libucrt:87disp.obj
 0001:00010343       __rttosnpopde              00411343     libucrt:87disp.obj
 0001:00010350       __rtatan2inf               00411350 f   libucrt:87disp.obj
 0001:0001036d       __rtchsifneg               0041136d     libucrt:87disp.obj
 0001:00010380       __startTwoArgErrorHandling 00411380 f   libucrt:genexcep.obj
 0001:00010397       __startOneArgErrorHandling 00411397 f   libucrt:genexcep.obj
 0001:000103e0       __twoToTOS                 004113e0 f   libucrt:common.obj
 0001:000103f5       __load_CW                  004113f5 f   libucrt:common.obj
 0001:0001040c       __convertTOStoQNaN         0041140c f   libucrt:common.obj
 0001:00010425       __fload_withFB             00411425 f   libucrt:common.obj
 0001:00010468       __checkTOS_withFB          00411468 f   libucrt:common.obj
 0001:0001047e       __fast_exit                0041147e f   libucrt:common.obj
 0001:0001048b       __math_exit                0041148b f   libucrt:common.obj
 0001:000104b5       __check_overflow_exit      004114b5 f   libucrt:common.obj
 0001:000104c9       __check_range_exit         004114c9 f   libucrt:common.obj
 0001:0001056c       __d_inttype                0041156c f   libucrt:powhlp.obj
 0001:000105d4       __powhlp                   004115d4 f   libucrt:powhlp.obj
 0001:000106ff       ___libm_error_support      004116ff f   libucrt:libm_error.obj
 0001:00010943       ___acrt_DownlevelLocaleNameToLCID 00411943 f   libucrt:lcidtoname_downlevel.obj
 0001:0001096f       __fclose_nolock            0041196f f   libucrt:fclose.obj
 0001:000109e6       _fclose                    004119e6 f   libucrt:fclose.obj
 0001:00010b0c       __commit                   00411b0c f   libucrt:commit.obj
 0001:00011302       __write                    00412302 f   libucrt:write.obj
 0001:000113f4       __write_nolock             004123f4 f   libucrt:write.obj
 0001:000115d6       __isleadbyte_l             004125d6 f i libucrt:_wctype.obj
 0001:0001163c       ?__mbrtowc_utf8@__crt_mbstring@@YAIPA_WPBDIPAU_Mbstatet@@@Z 0041263c f   libucrt:mbrtowc.obj
 0001:0001167c       ?__mbsrtowcs_utf8@__crt_mbstring@@YAIPA_WPAPBDIPAU_Mbstatet@@@Z 0041267c f   libucrt:mbrtowc.obj
 0001:00011777       ?__c32rtomb_utf8@__crt_mbstring@@YAIPAD_UPAU_Mbstatet@@@Z 00412777 f   libucrt:c32rtomb.obj
 0001:00011822       ?return_illegal_sequence@__crt_mbstring@@YAIPAU_Mbstatet@@@Z 00412822 f i libucrt:c32rtomb.obj
 0001:00011841       ___acrt_fp_strflt_to_string 00412841 f   libucrt:_fptostr.obj
 0001:00011910       ?divide@__crt_strtox@@YA_KAAUbig_integer@1@ABU21@@Z 00412910 f i libucrt:cfout.obj
 0001:00011da8       ___acrt_fltout             00412da8 f   libucrt:cfout.obj
 0001:00013358       ___acrt_stdio_flush_and_write_narrow_nolock 00414358 f   libucrt:_flsbuf.obj
 0001:00013363       __isatty                   00414363 f   libucrt:isatty.obj
 0001:00013400       _qsort                     00414400 f   libucrt:qsort.obj
 0001:000138f7       _strncpy_s                 004148f7 f   libucrt:strncpy_s.obj
 0001:00013910       _strpbrk                   00414910 f   libucrt:strpbrk.obj
 0001:00013950       __mbsdec                   00414950 f   libucrt:mbsdec.obj
 0001:00013967       __mbsdec_l                 00414967 f   libucrt:mbsdec.obj
 0001:00013bde       ___acrt_LCMapStringA       00414bde f   libucrt:lcmapstringa.obj
 0001:00013c36       __strnicoll                00414c36 f   libucrt:strnicol.obj
 0001:00013c5f       __strnicoll_l              00414c5f f   libucrt:strnicol.obj
 0001:00013d27       ___acrt_SetEnvironmentVariableA 00414d27 f   libucrt:setenvironmentvariablea.obj
 0001:00013dbc       ___ascii_wcsnicmp          00414dbc f   libucrt:wcsnicmp.obj
 0001:00013e0b       __msize_base               00414e0b f   libucrt:msize.obj
 0001:00013e3e       __realloc_base             00414e3e f   libucrt:realloc_base.obj
 0001:00013ea7       __87except                 00414ea7 f   libucrt:87except.obj
 0001:00013fb1       __frnd                     00414fb1 f   libucrt:frnd.obj
 0001:00013fc5       __fpclass                  00414fc5 f   libucrt:ieeemisc.obj
 0001:000140f5       __close                    004150f5 f   libucrt:close.obj
 0001:00014182       __close_nolock             00415182 f   libucrt:close.obj
 0001:0001421e       ?__acrt_stdio_free_stream@@YAXV__crt_stdio_stream@@@Z 0041521e f   libucrt:stream.obj
 0001:000143e1       __lseeki64                 004153e1 f   libucrt:lseek.obj
 0001:000143fc       __lseeki64_nolock          004153fc f   libucrt:lseek.obj
 0001:00014417       __putwch_nolock            00415417 f   libucrt:putwch.obj
 0001:00014449       ?__mbrtoc32_utf8@__crt_mbstring@@YAIPA_UPBDIPAU_Mbstatet@@@Z 00415449 f   libucrt:mbrtoc32.obj
 0001:000145f0       _fegetenv                  004155f0 f   libucrt:fegetenv.obj
 0001:0001460d       _fesetenv                  0041560d f   libucrt:fesetenv.obj
 0001:00014658       _feholdexcept              00415658 f   libucrt:feholdexcept.obj
 0001:000146b0       __CIlog10                  004156b0 f   libucrt:log10_impl.obj
 0001:000146eb       __CIlog10_default          004156eb f   libucrt:log10_impl.obj
 0001:000146ff       __log10_default            004156ff     libucrt:log10_impl.obj
 0001:000147c0       _ceil                      004157c0 f   libucrt:ceil_pentium4.obj
 0001:00014800       __ceil_pentium4            00415800 f   libucrt:ceil_pentium4.obj
 0001:000148dd       ___acrt_stdio_allocate_buffer_nolock 004158dd f   libucrt:_getbuf.obj
 0001:00014936       ___strncnt                 00415936 f   libucrt:strncnt.obj
 0001:00014952       __strnicmp                 00415952 f   libucrt:strnicmp.obj
 0001:000149bf       __strnicmp_l               004159bf f   libucrt:strnicmp.obj
 0001:00014d13       ___acrt_CompareStringA     00415d13 f   libucrt:comparestringa.obj
 0001:00014d78       ___dcrt_lowio_ensure_console_output_initialized 00415d78 f   libucrt:initcon.obj
 0001:00014d97       ___dcrt_terminate_console_output 00415d97 f   libucrt:initcon.obj
 0001:00014dae       ___dcrt_write_console      00415dae f   libucrt:initcon.obj
 0001:00015110       ___acrt_fenv_get_control   00416110 f   libucrt:_fenvutils.obj
 0001:00015190       ___acrt_fenv_get_status    00416190 f   libucrt:_fenvutils.obj
 0001:00015248       ___acrt_fenv_set_control   00416248 f   libucrt:_fenvutils.obj
 0001:000152b0       ___acrt_fenv_set_status    004162b0 f   libucrt:_fenvutils.obj
 0001:000153b0       __CIlog10_pentium4         004163b0 f   libucrt:log10_pentium4.obj
 0001:000153c8       __log10_pentium4           004163c8     libucrt:log10_pentium4.obj
 0001:00015640       __ceil_default             00416640 f   libucrt:ceil.obj
 0001:00015700       ___ascii_strnicmp          00416700 f   libucrt:_strnicm.obj
 0001:00015761       _IsProcessorFeaturePresent@4 00416761 f   kernel32:KERNEL32.dll
 0001:00015770       __FindPESection            00416770 f   LIBCMT:pesect.obj
 0001:000157c0       __IsNonwritableInCurrentImage 004167c0 f   LIBCMT:pesect.obj
 0001:00015880       __ValidateImageBase        00416880 f   LIBCMT:pesect.obj
 0001:000158c0       __aulldvrm                 004168c0 f   LIBCMT:ulldvrm.obj
 0001:00015960       __alldiv                   00416960 f   LIBCMT:lldiv.obj
 0001:00015a10       __alldvrm                  00416a10 f   LIBCMT:lldvrm.obj
 0001:00015af0       __allrem                   00416af0 f   LIBCMT:llrem.obj
 0001:00015bb0       __alloca_probe_16          00416bb0 f   LIBCMT:alloca16.obj
 0001:00015bc6       __alloca_probe_8           00416bc6     LIBCMT:alloca16.obj
 0001:00015be0       __alloca_probe             00416be0 f   LIBCMT:chkstk.obj
 0001:00015be0       __chkstk                   00416be0 f   LIBCMT:chkstk.obj
 0001:00015c10       __allshl                   00416c10 f   LIBCMT:llshl.obj
 0001:00015c30       __ftol2_sse_excpt          00416c30     LIBCMT:ftol2.obj
 0001:00015c30       __ftoi2                    00416c30 f   LIBCMT:ftol2.obj
 0001:00015c30       __ftol2_sse                00416c30     LIBCMT:ftol2.obj
 0001:00015cb0       __ftoui2                   00416cb0 f   LIBCMT:ftol2.obj
 0001:00015d60       __ftol2                    00416d60 f   LIBCMT:ftol2.obj
 0001:00015e10       __ftoul2                   00416e10 f   LIBCMT:ftol2.obj
 0001:00015ed0       _strrchr                   00416ed0 f   libvcruntime:strrchr.obj
 0001:00016010       _strchr                    00417010 f   libvcruntime:strchr.obj
 0001:0001607e       ___from_strstr_to_strchr   0041707e     libvcruntime:strchr.obj
 0001:0001613b       __filter_x86_sse2_floating_point_exception_default 0041713b f   LIBCMT:x86_exception_filter.obj
 0001:0001613b       __filter_x86_sse2_floating_point_exception 0041713b f   LIBCMT:x86_exception_filter.obj
 0002:00000000       __imp__IsProcessorFeaturePresent@4 00418000     kernel32:KERNEL32.dll
 0002:00000004       __imp__QueryPerformanceCounter@4 00418004     kernel32:KERNEL32.dll
 0002:00000008       __imp__GetCurrentProcessId@0 00418008     kernel32:KERNEL32.dll
 0002:0000000c       __imp__GetCurrentThreadId@0 0041800c     kernel32:KERNEL32.dll
 0002:00000010       __imp__GetSystemTimeAsFileTime@4 00418010     kernel32:KERNEL32.dll
 0002:00000014       __imp__InitializeSListHead@4 00418014     kernel32:KERNEL32.dll
 0002:00000018       __imp__IsDebuggerPresent@0 00418018     kernel32:KERNEL32.dll
 0002:0000001c       __imp__UnhandledExceptionFilter@4 0041801c     kernel32:KERNEL32.dll
 0002:00000020       __imp__SetUnhandledExceptionFilter@4 00418020     kernel32:KERNEL32.dll
 0002:00000024       __imp__GetStartupInfoW@4   00418024     kernel32:KERNEL32.dll
 0002:00000028       __imp__GetModuleHandleW@4  00418028     kernel32:KERNEL32.dll
 0002:0000002c       __imp__GetCurrentProcess@0 0041802c     kernel32:KERNEL32.dll
 0002:00000030       __imp__TerminateProcess@8  00418030     kernel32:KERNEL32.dll
 0002:00000034       __imp__RtlUnwind@16        00418034     kernel32:KERNEL32.dll
 0002:00000038       __imp__GetLastError@0      00418038     kernel32:KERNEL32.dll
 0002:0000003c       __imp__SetLastError@4      0041803c     kernel32:KERNEL32.dll
 0002:00000040       __imp__EnterCriticalSection@4 00418040     kernel32:KERNEL32.dll
 0002:00000044       __imp__LeaveCriticalSection@4 00418044     kernel32:KERNEL32.dll
 0002:00000048       __imp__DeleteCriticalSection@4 00418048     kernel32:KERNEL32.dll
 0002:0000004c       __imp__InitializeCriticalSectionAndSpinCount@8 0041804c     kernel32:KERNEL32.dll
 0002:00000050       __imp__TlsAlloc@0          00418050     kernel32:KERNEL32.dll
 0002:00000054       __imp__TlsGetValue@4       00418054     kernel32:KERNEL32.dll
 0002:00000058       __imp__TlsSetValue@8       00418058     kernel32:KERNEL32.dll
 0002:0000005c       __imp__TlsFree@4           0041805c     kernel32:KERNEL32.dll
 0002:00000060       __imp__FreeLibrary@4       00418060     kernel32:KERNEL32.dll
 0002:00000064       __imp__GetProcAddress@8    00418064     kernel32:KERNEL32.dll
 0002:00000068       __imp__LoadLibraryExW@12   00418068     kernel32:KERNEL32.dll
 0002:0000006c       __imp__RaiseException@16   0041806c     kernel32:KERNEL32.dll
 0002:00000070       __imp__GetStdHandle@4      00418070     kernel32:KERNEL32.dll
 0002:00000074       __imp__WriteFile@20        00418074     kernel32:KERNEL32.dll
 0002:00000078       __imp__GetModuleFileNameW@12 00418078     kernel32:KERNEL32.dll
 0002:0000007c       __imp__ExitProcess@4       0041807c     kernel32:KERNEL32.dll
 0002:00000080       __imp__GetModuleHandleExW@12 00418080     kernel32:KERNEL32.dll
 0002:00000084       __imp__GetCommandLineA@0   00418084     kernel32:KERNEL32.dll
 0002:00000088       __imp__GetCommandLineW@0   00418088     kernel32:KERNEL32.dll
 0002:0000008c       __imp__HeapFree@12         0041808c     kernel32:KERNEL32.dll
 0002:00000090       __imp__HeapAlloc@12        00418090     kernel32:KERNEL32.dll
 0002:00000094       __imp__CompareStringW@24   00418094     kernel32:KERNEL32.dll
 0002:00000098       __imp__LCMapStringW@24     00418098     kernel32:KERNEL32.dll
 0002:0000009c       __imp__GetFileType@4       0041809c     kernel32:KERNEL32.dll
 0002:000000a0       __imp__FindClose@4         004180a0     kernel32:KERNEL32.dll
 0002:000000a4       __imp__FindFirstFileExW@24 004180a4     kernel32:KERNEL32.dll
 0002:000000a8       __imp__FindNextFileW@8     004180a8     kernel32:KERNEL32.dll
 0002:000000ac       __imp__IsValidCodePage@4   004180ac     kernel32:KERNEL32.dll
 0002:000000b0       __imp__GetACP@0            004180b0     kernel32:KERNEL32.dll
 0002:000000b4       __imp__GetOEMCP@0          004180b4     kernel32:KERNEL32.dll
 0002:000000b8       __imp__GetCPInfo@8         004180b8     kernel32:KERNEL32.dll
 0002:000000bc       __imp__MultiByteToWideChar@24 004180bc     kernel32:KERNEL32.dll
 0002:000000c0       __imp__WideCharToMultiByte@32 004180c0     kernel32:KERNEL32.dll
 0002:000000c4       __imp__GetEnvironmentStringsW@0 004180c4     kernel32:KERNEL32.dll
 0002:000000c8       __imp__FreeEnvironmentStringsW@4 004180c8     kernel32:KERNEL32.dll
 0002:000000cc       __imp__SetEnvironmentVariableW@8 004180cc     kernel32:KERNEL32.dll
 0002:000000d0       __imp__SetStdHandle@8      004180d0     kernel32:KERNEL32.dll
 0002:000000d4       __imp__GetStringTypeW@16   004180d4     kernel32:KERNEL32.dll
 0002:000000d8       __imp__GetProcessHeap@0    004180d8     kernel32:KERNEL32.dll
 0002:000000dc       __imp__DecodePointer@4     004180dc     kernel32:KERNEL32.dll
 0002:000000e0       __imp__FlushFileBuffers@4  004180e0     kernel32:KERNEL32.dll
 0002:000000e4       __imp__GetConsoleCP@0      004180e4     kernel32:KERNEL32.dll
 0002:000000e8       __imp__GetConsoleMode@8    004180e8     kernel32:KERNEL32.dll
 0002:000000ec       __imp__GetFileSizeEx@8     004180ec     kernel32:KERNEL32.dll
 0002:000000f0       __imp__SetFilePointerEx@20 004180f0     kernel32:KERNEL32.dll
 0002:000000f4       __imp__HeapSize@12         004180f4     kernel32:KERNEL32.dll
 0002:000000f8       __imp__HeapReAlloc@16      004180f8     kernel32:KERNEL32.dll
 0002:000000fc       __imp__CloseHandle@4       004180fc     kernel32:KERNEL32.dll
 0002:00000100       __imp__CreateFileW@28      00418100     kernel32:KERNEL32.dll
 0002:00000104       __imp__WriteConsoleW@20    00418104     kernel32:KERNEL32.dll
 0002:00000108       \177KERNEL32_NULL_THUNK_DATA 00418108     kernel32:KERNEL32.dll
 0002:0000010c       ___guard_check_icall_fptr  0041810c     LIBCMT:guard_support.obj
 0002:00000110       ___xc_a                    00418110     LIBCMT:initializers.obj
 0002:00000118       ___xc_z                    00418118     LIBCMT:initializers.obj
 0002:0000011c       ___xi_a                    0041811c     LIBCMT:initializers.obj
 0002:00000128       ___acrt_stdio_initializer  00418128     libucrt:stdio_initializer.obj
 0002:0000012c       ___acrt_tran_sse2_initializer 0041812c     libucrt:sse2_initializer.obj
 0002:00000130       ___acrt_multibyte_initializer 00418130     libucrt:multibyte_initializer.obj
 0002:00000134       ___xi_z                    00418134     LIBCMT:initializers.obj
 0002:00000138       ___xp_a                    00418138     LIBCMT:initializers.obj
 0002:0000013c       ___acrt_locale_terminator  0041813c     libucrt:locale_initializer.obj
 0002:00000140       ___dcrt_console_output_terminator 00418140     libucrt:console_output_initializer.obj
 0002:00000144       ___acrt_stdio_terminator   00418144     libucrt:stdio_initializer.obj
 0002:00000148       ___xp_z                    00418148     LIBCMT:initializers.obj
 0002:0000014c       ___xt_a                    0041814c     LIBCMT:initializers.obj
 0002:00000150       ___xt_z                    00418150     LIBCMT:initializers.obj
 0002:00000220       __real@3df0000000000000    00418220     lzdatagen.obj
 0002:00000228       __real@3ff0000000000000    00418228     lzdatagen.obj
 0002:00000230       __real@4070000000000000    00418230     lzdatagen.obj
 0002:00000240       __xmm@41f00000000000000000000000000000 00418240     lzdatagen.obj
 0002:00000250       ??_C@_0BP@MIACMACO@Original?5data?5adler?5is?50x?$CF04x?6@ 00418250     mudff_packlzma.obj
 0002:00000270       ??_C@_0BA@JBCPFPPE@File?5not?5equal?6@ 00418270     mudff_packlzma.obj
 0002:00000280       ??_C@_0M@EEMOFJEP@File?5equal?6@ 00418280     mudff_packlzma.obj
 0002:00000290       __real@4010000000000000    00418290     mudff_packlzma.obj
 0002:000002a0       __xmm@00000001000000020000000000000003 004182a0     mudff_packlzma.obj
 0002:000002b0       __xmm@40080000000000004008000000000000 004182b0     mudff_packlzma.obj
 0002:000002e0       __pDestructExceptionObject 004182e0     libvcruntime:ehhelpers.obj
 0002:00000668       ??_C@_08EHJDFFNH@__based?$CI@ 00418668     libvcruntime:undname.obj
 0002:00000674       ??_C@_07KOLFKCDI@__cdecl@  00418674     libvcruntime:undname.obj
 0002:0000067c       ??_C@_08GHMPAG@__pascal@   0041867c     libvcruntime:undname.obj
 0002:00000688       ??_C@_09IFJBGAPI@__stdcall@ 00418688     libvcruntime:undname.obj
 0002:00000694       ??_C@_0L@NPHFGOKO@__thiscall@ 00418694     libvcruntime:undname.obj
 0002:000006a0       ??_C@_0L@JMKHOMEK@__fastcall@ 004186a0     libvcruntime:undname.obj
 0002:000006ac       ??_C@_0N@BCKKPABJ@__vectorcall@ 004186ac     libvcruntime:undname.obj
 0002:000006bc       ??_C@_09HIJEGCPM@__clrcall@ 004186bc     libvcruntime:undname.obj
 0002:000006c8       ??_C@_06GHPCKEAG@__eabi@   004186c8     libvcruntime:undname.obj
 0002:000006d0       ??_C@_09IOPIDJLG@__swift_1@ 004186d0     libvcruntime:undname.obj
 0002:000006dc       ??_C@_09KFNFGKHF@__swift_2@ 004186dc     libvcruntime:undname.obj
 0002:000006e8       ??_C@_07JOMMBBKO@__ptr64@  004186e8     libvcruntime:undname.obj
 0002:000006f0       ??_C@_0L@PILCLIHE@__restrict@ 004186f0     libvcruntime:undname.obj
 0002:000006fc       ??_C@_0M@GFIIJFMG@__unaligned@ 004186fc     libvcruntime:undname.obj
 0002:00000708       ??_C@_09DHDLOLLB@restrict?$CI@ 00418708     libvcruntime:undname.obj
 0002:00000712       ??_C@_00CNPNBAHC@@         00418712     libvcruntime:undname.obj
 0002:00000714       ??_C@_04NIHEBCM@?5new@     00418714     libvcruntime:undname.obj
 0002:0000071c       ??_C@_07FPCDHGMM@?5delete@ 0041871c     libvcruntime:undname.obj
 0002:00000724       ??_C@_01NEMOKFLO@?$DN@     00418724     libvcruntime:undname.obj
 0002:00000728       ??_C@_02GPIOPFAK@?$DO?$DO@ 00418728     libvcruntime:undname.obj
 0002:0000072c       ??_C@_02FODMEDOG@?$DM?$DM@ 0041872c     libvcruntime:undname.obj
 0002:00000730       ??_C@_01DCLJPIOD@?$CB@     00418730     libvcruntime:undname.obj
 0002:00000734       ??_C@_02EGOFBIJA@?$DN?$DN@ 00418734     libvcruntime:undname.obj
 0002:00000738       ??_C@_02FDNJECIE@?$CB?$DN@ 00418738     libvcruntime:undname.obj
 0002:0000073c       ??_C@_02GPECMEKF@?$FL?$FN@ 0041873c     libvcruntime:undname.obj
 0002:00000740       ??_C@_08LHJFAFGD@operator@ 00418740     libvcruntime:undname.obj
 0002:0000074c       ??_C@_02HBOOOICD@?9?$DO@   0041874c     libvcruntime:undname.obj
 0002:00000750       ??_C@_01NBENCBCI@?$CK@     00418750     libvcruntime:undname.obj
 0002:00000754       ??_C@_02ECNGHCIF@?$CL?$CL@ 00418754     libvcruntime:undname.obj
 0002:00000758       ??_C@_02BAABKJLB@?9?9@     00418758     libvcruntime:undname.obj
 0002:0000075c       ??_C@_01JOAMLHOP@?9@       0041875c     libvcruntime:undname.obj
 0002:00000760       ??_C@_01MIFGBAGJ@?$CL@     00418760     libvcruntime:undname.obj
 0002:00000764       ??_C@_01HNPIGOCE@?$CG@     00418764     libvcruntime:undname.obj
 0002:00000768       ??_C@_03MNHNFDLC@?9?$DO?$CK@ 00418768     libvcruntime:undname.obj
 0002:0000076c       ??_C@_01KMDKNFGN@?1@       0041876c     libvcruntime:undname.obj
 0002:00000770       ??_C@_01FGNFDNOH@?$CF@     00418770     libvcruntime:undname.obj
 0002:00000774       ??_C@_01MNNFJEPP@?$DM@     00418774     libvcruntime:undname.obj
 0002:00000778       ??_C@_02EHCHHCKH@?$DM?$DN@ 00418778     libvcruntime:undname.obj
 0002:0000077c       ??_C@_01PPODPGHN@?$DO@     0041877c     libvcruntime:undname.obj
 0002:00000780       ??_C@_02EEKDKGMJ@?$DO?$DN@ 00418780     libvcruntime:undname.obj
 0002:00000784       ??_C@_01IHBHIGKO@?0@       00418784     libvcruntime:undname.obj
 0002:00000788       ??_C@_02HCKGKOFO@?$CI?$CJ@ 00418788     libvcruntime:undname.obj
 0002:0000078c       ??_C@_01PJKLJHI@?$HO@      0041878c     libvcruntime:undname.obj
 0002:00000790       ??_C@_01JKBOJNNK@?$FO@     00418790     libvcruntime:undname.obj
 0002:00000794       ??_C@_01DNKMNLPK@?$HM@     00418794     libvcruntime:undname.obj
 0002:00000798       ??_C@_02PPKAJPJL@?$CG?$CG@ 00418798     libvcruntime:undname.obj
 0002:0000079c       ??_C@_02NONPIBCD@?$HM?$HM@ 0041879c     libvcruntime:undname.obj
 0002:000007a0       ??_C@_02FPIMKNGF@?$CK?$DN@ 004187a0     libvcruntime:undname.obj
 0002:000007a4       ??_C@_02FOEOMHFC@?$CL?$DN@ 004187a4     libvcruntime:undname.obj
 0002:000007a8       ??_C@_02FKMDLLOA@?9?$DN@   004187a8     libvcruntime:undname.obj
 0002:000007ac       ??_C@_02FJEHGPIO@?1?$DN@   004187ac     libvcruntime:undname.obj
 0002:000007b0       ??_C@_02FENAOKFI@?$CF?$DN@ 004187b0     libvcruntime:undname.obj
 0002:000007b4       ??_C@_03IKFCCPFF@?$DO?$DO?$DN@ 004187b4     libvcruntime:undname.obj
 0002:000007b8       ??_C@_03CDNPDDLA@?$DM?$DM?$DN@ 004187b8     libvcruntime:undname.obj
 0002:000007bc       ??_C@_02FGJGFEAB@?$CG?$DN@ 004187bc     libvcruntime:undname.obj
 0002:000007c0       ??_C@_02DHLNPPGH@?$HM?$DN@ 004187c0     libvcruntime:undname.obj
 0002:000007c4       ??_C@_02MHEGNOJ@?$FO?$DN@  004187c4     libvcruntime:undname.obj
 0002:000007c8       ??_C@_09IFPLHPGF@?$GAvftable?8@ 004187c8     libvcruntime:undname.obj
 0002:000007d4       ??_C@_09BLBHBJP@?$GAvbtable?8@ 004187d4     libvcruntime:undname.obj
 0002:000007e0       ??_C@_07FEEIOKP@?$GAvcall?8@ 004187e0     libvcruntime:undname.obj
 0002:000007e8       ??_C@_08LLFFHHDJ@?$GAtypeof?8@ 004187e8     libvcruntime:undname.obj
 0002:000007f4       ??_C@_0BF@KDPPACIK@?$GAlocal?5static?5guard?8@ 004187f4     libvcruntime:undname.obj
 0002:0000080c       ??_C@_08OBABFOLI@?$GAstring?8@ 0041880c     libvcruntime:undname.obj
 0002:00000818       ??_C@_0BD@JDLKDPAB@?$GAvbase?5destructor?8@ 00418818     libvcruntime:undname.obj
 0002:0000082c       ??_C@_0BN@DEGPLNFK@?$GAvector?5deleting?5destructor?8@ 0041882c     libvcruntime:undname.obj
 0002:0000084c       ??_C@_0BO@OBMKPJIG@?$GAdefault?5constructor?5closure?8@ 0041884c     libvcruntime:undname.obj
 0002:0000086c       ??_C@_0BN@IMDCHIKM@?$GAscalar?5deleting?5destructor?8@ 0041886c     libvcruntime:undname.obj
 0002:0000088c       ??_C@_0BO@PFGOCPJJ@?$GAvector?5constructor?5iterator?8@ 0041888c     libvcruntime:undname.obj
 0002:000008ac       ??_C@_0BN@LFPFMEDL@?$GAvector?5destructor?5iterator?8@ 004188ac     libvcruntime:undname.obj
 0002:000008cc       ??_C@_0CE@IKBNEHA@?$GAvector?5vbase?5constructor?5itera@ 004188cc     libvcruntime:undname.obj
 0002:000008f0       ??_C@_0BL@NILFHHPC@?$GAvirtual?5displacement?5map?8@ 004188f0     libvcruntime:undname.obj
 0002:0000090c       ??_C@_0CB@JONCMFFK@?$GAeh?5vector?5constructor?5iterator@ 0041890c     libvcruntime:undname.obj
 0002:00000930       ??_C@_0CA@GCEOPDGL@?$GAeh?5vector?5destructor?5iterator?8@ 00418930     libvcruntime:undname.obj
 0002:00000950       ??_C@_0CH@OOJPLCPH@?$GAeh?5vector?5vbase?5constructor?5it@ 00418950     libvcruntime:undname.obj
 0002:00000978       ??_C@_0BL@LLKPOHJI@?$GAcopy?5constructor?5closure?8@ 00418978     libvcruntime:undname.obj
 0002:00000994       ??_C@_0BA@KBCDOMBN@?$GAudt?5returning?8@ 00418994     libvcruntime:undname.obj
 0002:000009a4       ??_C@_03KLGMFNMG@?$GAEH@   004189a4     libvcruntime:undname.obj
 0002:000009a8       ??_C@_05KHLCHHI@?$GARTTI@  004189a8     libvcruntime:undname.obj
 0002:000009b0       ??_C@_0BA@KKLDJDLB@?$GAlocal?5vftable?8@ 004189b0     libvcruntime:undname.obj
 0002:000009c0       ??_C@_0CE@IIHCMGGL@?$GAlocal?5vftable?5constructor?5clos@ 004189c0     libvcruntime:undname.obj
 0002:000009e4       ??_C@_06FHBGPFGH@?5new?$FL?$FN@ 004189e4     libvcruntime:undname.obj
 0002:000009ec       ??_C@_09LBNFPBCA@?5delete?$FL?$FN@ 004189ec     libvcruntime:undname.obj
 0002:000009f8       ??_C@_0P@HJKNJFNN@?$GAomni?5callsig?8@ 004189f8     libvcruntime:undname.obj
 0002:00000a08       ??_C@_0BL@CNOONJFP@?$GAplacement?5delete?5closure?8@ 00418a08     libvcruntime:undname.obj
 0002:00000a24       ??_C@_0BN@CKNJLHMB@?$GAplacement?5delete?$FL?$FN?5closure?8@ 00418a24     libvcruntime:undname.obj
 0002:00000a44       ??_C@_0CG@CFDHKGGD@?$GAmanaged?5vector?5constructor?5ite@ 00418a44     libvcruntime:undname.obj
 0002:00000a6c       ??_C@_0CF@IMGKMJNO@?$GAmanaged?5vector?5destructor?5iter@ 00418a6c     libvcruntime:undname.obj
 0002:00000a94       ??_C@_0CG@HLDDJMAG@?$GAeh?5vector?5copy?5constructor?5ite@ 00418a94     libvcruntime:undname.obj
 0002:00000abc       ??_C@_0CM@FCBBDIGB@?$GAeh?5vector?5vbase?5copy?5construct@ 00418abc     libvcruntime:undname.obj
 0002:00000ae8       ??_C@_0BL@CLIPGLGB@?$GAdynamic?5initializer?5for?5?8@ 00418ae8     libvcruntime:undname.obj
 0002:00000b04       ??_C@_0CB@PDBIFEP@?$GAdynamic?5atexit?5destructor?5for?5@ 00418b04     libvcruntime:undname.obj
 0002:00000b28       ??_C@_0CD@CGAJBKEJ@?$GAvector?5copy?5constructor?5iterat@ 00418b28     libvcruntime:undname.obj
 0002:00000b4c       ??_C@_0CJ@GJELGAMM@?$GAvector?5vbase?5copy?5constructor?5@ 00418b4c     libvcruntime:undname.obj
 0002:00000b78       ??_C@_0CL@FGIJHLCE@?$GAmanaged?5vector?5copy?5constructo@ 00418b78     libvcruntime:undname.obj
 0002:00000ba4       ??_C@_0BM@PMGGMLDN@?$GAlocal?5static?5thread?5guard?8@ 00418ba4     libvcruntime:undname.obj
 0002:00000bc0       ??_C@_0N@BDNMDMOL@operator?5?$CC?$CC?5@ 00418bc0     libvcruntime:undname.obj
 0002:00000bd0       ??_C@_0BC@GGEBGALA@operator?5co_await@ 00418bd0     libvcruntime:undname.obj
 0002:00000be4       ??_C@_0M@GAAIMMOH@operator?$DM?$DN?$DO@ 00418be4     libvcruntime:undname.obj
 0002:00000bf0       ??_C@_0BC@DAFEJGAK@?5Type?5Descriptor?8@ 00418bf0     libvcruntime:undname.obj
 0002:00000c04       ??_C@_0BM@LDKODKLH@?5Base?5Class?5Descriptor?5at?5?$CI@ 00418c04     libvcruntime:undname.obj
 0002:00000c20       ??_C@_0BD@LGICGFMM@?5Base?5Class?5Array?8@ 00418c20     libvcruntime:undname.obj
 0002:00000c34       ??_C@_0BN@MECKDCOJ@?5Class?5Hierarchy?5Descriptor?8@ 00418c34     libvcruntime:undname.obj
 0002:00000c54       ??_C@_0BK@CFCOFLF@?5Complete?5Object?5Locator?8@ 00418c54     libvcruntime:undname.obj
 0002:00000c70       ??_C@_0BG@JNJLAMPM@?$GAanonymous?5namespace?8@ 00418c70     libvcruntime:undname.obj
 0002:00000c94       ??_C@_1DM@KHCHBNEB@?$AAa?$AAp?$AAi?$AA?9?$AAm?$AAs?$AA?9?$AAw?$AAi?$AAn?$AA?9?$AAc?$AAo?$AAr?$AAe@ 00418c94     libvcruntime:winapi_downlevel.obj
 0002:00000cd0       ??_C@_1DK@LPPGFMPP@?$AAa?$AAp?$AAi?$AA?9?$AAm?$AAs?$AA?9?$AAw?$AAi?$AAn?$AA?9?$AAc?$AAo?$AAr?$AAe@ 00418cd0     libvcruntime:winapi_downlevel.obj
 0002:00000d0c       ??_C@_1BC@GDMECMAK@?$AAk?$AAe?$AAr?$AAn?$AAe?$AAl?$AA3?$AA2@ 00418d0c     libvcruntime:winapi_downlevel.obj
 0002:00000d20       ??_C@_1BA@PFFKHIOG@?$AAa?$AAp?$AAi?$AA?9?$AAm?$AAs?$AA?9@ 00418d20     libvcruntime:winapi_downlevel.obj
 0002:00000d38       ??_C@_08KNHFBNJ@FlsAlloc@  00418d38     libvcruntime:winapi_downlevel.obj
 0002:00000d4c       ??_C@_07PEJMOBNF@FlsFree@  00418d4c     libvcruntime:winapi_downlevel.obj
 0002:00000d5c       ??_C@_0M@GDNOONDI@FlsGetValue@ 00418d5c     libvcruntime:winapi_downlevel.obj
 0002:00000d70       ??_C@_0M@JCPCPOEF@FlsSetValue@ 00418d70     libvcruntime:winapi_downlevel.obj
 0002:00000d84       ??_C@_0BM@HCFOFFN@InitializeCriticalSectionEx@ 00418d84     libvcruntime:winapi_downlevel.obj
 0002:00000da0       _standard_lookup_table     00418da0     libucrt:output.obj
 0002:00000dfc       ??_C@_1O@CEDCILHN@?$AA?$CI?$AAn?$AAu?$AAl?$AAl?$AA?$CJ@ 00418dfc     libucrt:output.obj
 0002:00000e0c       ??_C@_06OJHGLDPL@?$CInull?$CJ@ 00418e0c     libucrt:output.obj
 0002:00000f00       ??_C@_03KHJOGHMM@exp@      00418f00     libucrt:fpexcept.obj
 0002:00000f04       ??_C@_03JGHBODFD@pow@      00418f04     libucrt:fpexcept.obj
 0002:00000f08       ??_C@_03MGHMBJCF@log@      00418f08     libucrt:fpexcept.obj
 0002:00000f0c       ??_C@_05HGHHAHAP@log10@    00418f0c     libucrt:fpexcept.obj
 0002:00000f14       ??_C@_04COOMCNPB@sinh@     00418f14     libucrt:fpexcept.obj
 0002:00000f1c       ??_C@_04HPJJNFIM@cosh@     00418f1c     libucrt:fpexcept.obj
 0002:00000f24       ??_C@_04FJHINJAO@tanh@     00418f24     libucrt:fpexcept.obj
 0002:00000f2c       ??_C@_04FIHNOPOL@asin@     00418f2c     libucrt:fpexcept.obj
 0002:00000f34       ??_C@_04PDIFKINK@acos@     00418f34     libucrt:fpexcept.obj
 0002:00000f3c       ??_C@_04MLLJIGOK@atan@     00418f3c     libucrt:fpexcept.obj
 0002:00000f44       ??_C@_05KNGEOGJB@atan2@    00418f44     libucrt:fpexcept.obj
 0002:00000f4c       ??_C@_04EIAKFFMI@sqrt@     00418f4c     libucrt:fpexcept.obj
 0002:00000f54       ??_C@_03BLEJJJBH@sin@      00418f54     libucrt:fpexcept.obj
 0002:00000f58       ??_C@_03LALBNOCG@cos@      00418f58     libucrt:fpexcept.obj
 0002:00000f5c       ??_C@_03IIINPABG@tan@      00418f5c     libucrt:fpexcept.obj
 0002:00000f60       ??_C@_04GFPJNGEK@ceil@     00418f60     libucrt:fpexcept.obj
 0002:00000f68       ??_C@_05PBJFFIGL@floor@    00418f68     libucrt:fpexcept.obj
 0002:00000f70       ??_C@_04ODHECPBC@fabs@     00418f70     libucrt:fpexcept.obj
 0002:00000f78       ??_C@_04EHEDPDJG@modf@     00418f78     libucrt:fpexcept.obj
 0002:00000f80       ??_C@_05CEJMAHNP@ldexp@    00418f80     libucrt:fpexcept.obj
 0002:00000f88       ??_C@_05KBKMEMPO@_cabs@    00418f88     libucrt:fpexcept.obj
 0002:00000f90       ??_C@_06MEIMCGCF@_hypot@   00418f90     libucrt:fpexcept.obj
 0002:00000f98       ??_C@_04KEPJIHGP@fmod@     00418f98     libucrt:fpexcept.obj
 0002:00000fa0       ??_C@_05GKKHEGJL@frexp@    00418fa0     libucrt:fpexcept.obj
 0002:00000fa8       ??_C@_03MJLDFKDL@_y0@      00418fa8     libucrt:fpexcept.obj
 0002:00000fac       ??_C@_03NAKIGLHK@_y1@      00418fac     libucrt:fpexcept.obj
 0002:00000fb0       ??_C@_03ONILCKOB@_yn@      00418fb0     libucrt:fpexcept.obj
 0002:00000fb4       ??_C@_05JGDBENOH@_logb@    00418fb4     libucrt:fpexcept.obj
 0002:00000fbc       ??_C@_0L@KDOEJCKC@_nextafter@ 00418fbc     libucrt:fpexcept.obj
 0002:00000fc8       ___acrt_exception_action_table 00418fc8     libucrt:exception_filter.obj
 0002:00001058       ___acrt_signal_action_table_count 00419058     libucrt:exception_filter.obj
 0002:0000105c       ___acrt_signal_action_first_fpe_index 0041905c     libucrt:exception_filter.obj
 0002:00001060       ___acrt_signal_action_fpe_count 00419060     libucrt:exception_filter.obj
 0002:00001064       ??_C@_1BI@BGOHAHKC@?$AAm?$AAs?$AAc?$AAo?$AAr?$AAe?$AAe?$AA?4?$AAd?$AAl?$AAl@ 00419064     libucrt:exit.obj
 0002:0000107c       ??_C@_0P@MIGLKIOC@CorExitProcess@ 0041907c     libucrt:exit.obj
 0002:00001114       __half                     00419114     libucrt:pow_impl.obj
 0002:00001398       ??_C@_1EA@JGEFHKEI@?$AAa?$AAp?$AAi?$AA?9?$AAm?$AAs?$AA?9?$AAw?$AAi?$AAn?$AA?9?$AAc?$AAo?$AAr?$AAe@ 00419398     libucrt:winapi_thunks.obj
 0002:000013d8       ??_C@_1DI@IJCEHOCB@?$AAa?$AAp?$AAi?$AA?9?$AAm?$AAs?$AA?9?$AAw?$AAi?$AAn?$AA?9?$AAc?$AAo?$AAr?$AAe@ 004193d8     libucrt:winapi_thunks.obj
 0002:00001410       ??_C@_1EI@MPIAOHOC@?$AAa?$AAp?$AAi?$AA?9?$AAm?$AAs?$AA?9?$AAw?$AAi?$AAn?$AA?9?$AAc?$AAo?$AAr?$AAe@ 00419410     libucrt:winapi_thunks.obj
 0002:00001458       ??_C@_1FK@FPHCKFIE@?$AAa?$AAp?$AAi?$AA?9?$AAm?$AAs?$AA?9?$AAw?$AAi?$AAn?$AA?9?$AAc?$AAo?$AAr?$AAe@ 00419458     libucrt:winapi_thunks.obj
 0002:000014b8       ??_C@_1EM@DILCGIIO@?$AAa?$AAp?$AAi?$AA?9?$AAm?$AAs?$AA?9?$AAw?$AAi?$AAn?$AA?9?$AAc?$AAo?$AAr?$AAe@ 004194b8     libucrt:winapi_thunks.obj
 0002:00001504       ??_C@_1DM@LNCGDDPN@?$AAa?$AAp?$AAi?$AA?9?$AAm?$AAs?$AA?9?$AAw?$AAi?$AAn?$AA?9?$AAc?$AAo?$AAr?$AAe@ 00419504     libucrt:winapi_thunks.obj
 0002:00001540       ??_C@_1DO@FPAPJEMD@?$AAa?$AAp?$AAi?$AA?9?$AAm?$AAs?$AA?9?$AAw?$AAi?$AAn?$AA?9?$AAc?$AAo?$AAr?$AAe@ 00419540     libucrt:winapi_thunks.obj
 0002:00001580       ??_C@_1DK@NDHNAHIO@?$AAa?$AAp?$AAi?$AA?9?$AAm?$AAs?$AA?9?$AAw?$AAi?$AAn?$AA?9?$AAc?$AAo?$AAr?$AAe@ 00419580     libucrt:winapi_thunks.obj
 0002:000015bc       ??_C@_1DM@KGHDGBCM@?$AAa?$AAp?$AAi?$AA?9?$AAm?$AAs?$AA?9?$AAw?$AAi?$AAn?$AA?9?$AAc?$AAo?$AAr?$AAe@ 004195bc     libucrt:winapi_thunks.obj
 0002:000015f8       ??_C@_1EO@IJIOEFOH@?$AAa?$AAp?$AAi?$AA?9?$AAm?$AAs?$AA?9?$AAw?$AAi?$AAn?$AA?9?$AAr?$AAt?$AAc?$AAo@ 004195f8     libucrt:winapi_thunks.obj
 0002:00001648       ??_C@_1FG@HHGEKANL@?$AAa?$AAp?$AAi?$AA?9?$AAm?$AAs?$AA?9?$AAw?$AAi?$AAn?$AA?9?$AAs?$AAe?$AAc?$AAu@ 00419648     libucrt:winapi_thunks.obj
 0002:000016a0       ??_C@_1EG@DBIOJECG@?$AAe?$AAx?$AAt?$AA?9?$AAm?$AAs?$AA?9?$AAw?$AAi?$AAn?$AA?9?$AAn?$AAt?$AAu?$AAs@ 004196a0     libucrt:winapi_thunks.obj
 0002:000016e8       ??_C@_1EO@FIHMJCLF@?$AAe?$AAx?$AAt?$AA?9?$AAm?$AAs?$AA?9?$AAw?$AAi?$AAn?$AA?9?$AAn?$AAt?$AAu?$AAs@ 004196e8     libucrt:winapi_thunks.obj
 0002:00001738       ??_C@_1BC@DNHGCMLG@?$AAa?$AAd?$AAv?$AAa?$AAp?$AAi?$AA3?$AA2@ 00419738     libucrt:winapi_thunks.obj
 0002:0000174c       ??_C@_1M@OAIMIKLP@?$AAn?$AAt?$AAd?$AAl?$AAl@ 0041974c     libucrt:winapi_thunks.obj
 0002:00001758       ??_C@_1EG@DPGNFKGC@?$AAa?$AAp?$AAi?$AA?9?$AAm?$AAs?$AA?9?$AAw?$AAi?$AAn?$AA?9?$AAa?$AAp?$AAp?$AAm@ 00419758     libucrt:winapi_thunks.obj
 0002:000017a0       ??_C@_1O@BCCLBEOE@?$AAu?$AAs?$AAe?$AAr?$AA3?$AA2@ 004197a0     libucrt:winapi_thunks.obj
 0002:000017b0       ??_C@_1BA@IAIFMGEF@?$AAe?$AAx?$AAt?$AA?9?$AAm?$AAs?$AA?9@ 004197b0     libucrt:winapi_thunks.obj
 0002:000017c4       ??_C@_0BA@FHFNEAED@AreFileApisANSI@ 004197c4     libucrt:winapi_thunks.obj
 0002:000017dc       ??_C@_0BA@IHGNDAEB@CompareStringEx@ 004197dc     libucrt:winapi_thunks.obj
 0002:00001810       ??_C@_0BP@FPNJPEJC@GetSystemTimePreciseAsFileTime@ 00419810     libucrt:winapi_thunks.obj
 0002:00001840       ??_C@_0O@KKBNKAPF@LCMapStringEx@ 00419840     libucrt:winapi_thunks.obj
 0002:00001858       ??_C@_0BB@HBDEELFH@LocaleNameToLCID@ 00419858     libucrt:winapi_thunks.obj
 0002:00001870       ??_C@_0CF@OJOFEIGO@AppPolicyGetProcessTerminationM@ 00419870     libucrt:winapi_thunks.obj
 0002:000018d8       ??_C@_03OEIAHPBN@INF@      004198d8     libucrt:cvt.obj
 0002:000018dc       ??_C@_03OJHLLCGB@inf@      004198dc     libucrt:cvt.obj
 0002:000018e0       ??_C@_03LKNCIKJB@NAN@      004198e0     libucrt:cvt.obj
 0002:000018e4       ??_C@_03LHCJEHON@nan@      004198e4     libucrt:cvt.obj
 0002:000018e8       ??_C@_09OFJJIMPC@NAN?$CISNAN?$CJ@ 004198e8     libucrt:cvt.obj
 0002:000018f4       ??_C@_09IPFBKMDL@nan?$CIsnan?$CJ@ 004198f4     libucrt:cvt.obj
 0002:00001900       ??_C@_08IKHNHAJ@NAN?$CIIND?$CJ@ 00419900     libucrt:cvt.obj
 0002:0000190c       ??_C@_08OFCDMILK@nan?$CIind?$CJ@ 0041990c     libucrt:cvt.obj
 0002:00001918       ??_C@_05KLBDPFGC@e?$CL000@ 00419918     libucrt:cvt.obj
 0002:00001920       ___lc_time_c               00419920     libucrt:nlsdata.obj
 0002:00001a84       ??_C@_03KOEHGMDN@Sun@      00419a84     libucrt:nlsdata.obj
 0002:00001a88       ??_C@_03PDAGKDH@Mon@       00419a88     libucrt:nlsdata.obj
 0002:00001a8c       ??_C@_03NAGEINEP@Tue@      00419a8c     libucrt:nlsdata.obj
 0002:00001a90       ??_C@_03MHOMLAJA@Wed@      00419a90     libucrt:nlsdata.obj
 0002:00001a94       ??_C@_03IOFIKPDN@Thu@      00419a94     libucrt:nlsdata.obj
 0002:00001a98       ??_C@_03IDIOELNC@Fri@      00419a98     libucrt:nlsdata.obj
 0002:00001a9c       ??_C@_03FEFJNEK@Sat@       00419a9c     libucrt:nlsdata.obj
 0002:00001aa0       ??_C@_06OOPIFAJ@Sunday@    00419aa0     libucrt:nlsdata.obj
 0002:00001aa8       ??_C@_06JLEDEDGH@Monday@   00419aa8     libucrt:nlsdata.obj
 0002:00001ab0       ??_C@_07BAAGCFCM@Tuesday@  00419ab0     libucrt:nlsdata.obj
 0002:00001ab8       ??_C@_09DLIGFAKA@Wednesday@ 00419ab8     libucrt:nlsdata.obj
[...]
 0002:00000e18       ?_names@?1??_get_fname@@9@9 00418e18     libucrt:fpexcept.obj
 0002:00001090       ___acrt_initializers       00419090     libucrt:initialization.obj
 0002:00001110       POW_name                   00419110     libucrt:pow_impl.obj
 0002:00001120       Shifter                    00419120     libucrt:pow_pentium4.obj
 0002:00001130       SIGMASK                    00419130     libucrt:pow_pentium4.obj
 0002:00001140       ONEMASK                    00419140     libucrt:pow_pentium4.obj
 0002:00001150       ABSVALMASK                 00419150     libucrt:pow_pentium4.obj
 0002:00001160       cev                        00419160     libucrt:pow_pentium4.obj
 0002:00001188       HALFSIG                    00419188     libucrt:pow_pentium4.obj
 0002:00001190       LHN                        00419190     libucrt:pow_pentium4.obj
 0002:00001198       sNaN                       00419198     libucrt:pow_pentium4.obj
 0002:000011a0       INF                        004191a0     libucrt:pow_pentium4.obj
 0002:000011a8       NEG_INF                    004191a8     libucrt:pow_pentium4.obj
 0002:000011b0       NEG_ZERO                   004191b0     libucrt:pow_pentium4.obj
 0002:000011b8       NEG_BIG                    004191b8     libucrt:pow_pentium4.obj
 0002:000011c0       POS_BIG                    004191c0     libucrt:pow_pentium4.obj
 0002:000011c8       EMIN                       004191c8     libucrt:pow_pentium4.obj
 0002:000011d0       QIND                       004191d0     libucrt:pow_pentium4.obj
 0002:000011e0       ?errtable@@3QBUerrentry@?A0x31fdb9ec@@B 004191e0     libucrt:errno.obj
 0002:00001348       ?module_names@?A0x391cf84c@@3QBQB_WB 00419348     libucrt:winapi_thunks.obj
 0002:000017c0       ?candidate_modules@?1??try_get_AreFileApisANSI@@YAP6GHXZXZ@4QBW4module_id@?A0x391cf84c@@B 004197c0     libucrt:winapi_thunks.obj
 0002:000017d4       ?candidate_modules@?1??try_get_CompareStringEx@@YAP6GHPB_WK0H0HPAU_nlsversioninfo@@PAXJ@ZXZ@4QBW4module_id@?A0x391cf84c@@B 004197d4     libucrt:winapi_thunks.obj
 0002:000017ec       ?candidate_modules@?1??try_get_FlsAlloc@@YAP6GKP6GXPAX@Z@ZXZ@4QBW4module_id@?A0x391cf84c@@B 004197ec     libucrt:winapi_thunks.obj
 0002:000017f4       ?candidate_modules@?1??try_get_FlsFree@@YAP6GHK@ZXZ@4QBW4module_id@?A0x391cf84c@@B 004197f4     libucrt:winapi_thunks.obj
 0002:000017fc       ?candidate_modules@?1??try_get_FlsGetValue@@YAP6GPAXK@ZXZ@4QBW4module_id@?A0x391cf84c@@B 004197fc     libucrt:winapi_thunks.obj
 0002:00001804       ?candidate_modules@?1??try_get_FlsSetValue@@YAP6GHKPAX@ZXZ@4QBW4module_id@?A0x391cf84c@@B 00419804     libucrt:winapi_thunks.obj
 0002:0000180c       ?candidate_modules@?1??try_get_GetSystemTimePreciseAsFileTime@@YAP6GXPAU_FILETIME@@@ZXZ@4QBW4module_id@?A0x391cf84c@@B 0041980c     libucrt:winapi_thunks.obj
 0002:00001830       ?candidate_modules@?1??try_get_InitializeCriticalSectionEx@@YAP6GHPAU_RTL_CRITICAL_SECTION@@KK@ZXZ@4QBW4module_id@?A0x391cf84c@@B 00419830     libucrt:winapi_thunks.obj
 0002:00001838       ?candidate_modules@?1??try_get_LCMapStringEx@@YAP6GHPB_WK0HPA_WHPAU_nlsversioninfo@@PAXJ@ZXZ@4QBW4module_id@?A0x391cf84c@@B 00419838     libucrt:winapi_thunks.obj
 0002:00001850       ?candidate_modules@?1??try_get_LocaleNameToLCID@@YAP6GKPB_WK@ZXZ@4QBW4module_id@?A0x391cf84c@@B 00419850     libucrt:winapi_thunks.obj
 0002:0000186c       ?candidate_modules@?1??try_get_AppPolicyGetProcessTerminationMethod@@YAP6GJPAXPAW4AppPolicyProcessTerminationMethod@@@ZXZ@4QBW4module_id@?A0x391cf84c@@B 0041986c     libucrt:winapi_thunks.obj
 0002:00001898       ?strings@?1??fp_format_nan_or_infinity@@YAHW4__acrt_fp_class@@_NPADI1@Z@4QAY03QBDA 00419898     libucrt:cvt.obj
 0002:00001df8       _over                      00419df8     libucrt:fpctrl.obj
 0002:00001e04       _under                     00419e04     libucrt:fpctrl.obj
 0002:00001e10       ?_mb_locale_names@@3QBQB_WB 00419e10     libucrt:mbctype.obj
 0002:0000247e       _log2max                   0041a47e     libucrt:87tran.obj
 0002:00002488       _smallarg                  0041a488     libucrt:87tran.obj
 0002:00002492       _half                      0041a492     libucrt:87tran.obj
 0002:000024de       One                        0041a4de     libucrt:87disp.obj
 0002:000024e6       Three                      0041a4e6     libucrt:87disp.obj
 0002:000024ee       XAMtoTagTab                0041a4ee     libucrt:87disp.obj
 0002:00002500       One                        0041a500     libucrt:common.obj
 0002:00002514       DblMax                     0041a514     libucrt:common.obj
 0002:0000251c       DblMin                     0041a51c     libucrt:common.obj
 0002:00002524       IeeeAdjO                   0041a524     libucrt:common.obj
 0002:0000252c       IeeeAdjU                   0041a52c     libucrt:common.obj
 0002:00002534       _infinity                  0041a534     libucrt:common.obj
 0002:0000253c       _zero                      0041a53c     libucrt:common.obj
 0002:00005dd0       ?LcidToLocaleNameTable@?A0x881e4c05@@3QBULcidToLocaleName@1@B 0041ddd0     libucrt:lcidtoname_downlevel.obj
 0002:00006ef0       ?LocaleNameToIndexTable@?A0x881e4c05@@3QBULocaleNameIndex@1@B 0041eef0     libucrt:lcidtoname_downlevel.obj
 0002:00008748       ?large_power_indices@?1??multiply_by_power_of_ten@__crt_strtox@@YA_NAAUbig_integer@2@I@Z@4QBUunpack_index@?1??12@YA_N0I@Z@B 00420748     libucrt:cfout.obj
 0002:00008830       LOG_name                   00420830     libucrt:log10_impl.obj
 0002:00008840       _One                       00420840     libucrt:ceil_pentium4.obj
 0002:00008850       _Bns                       00420850     libucrt:ceil_pentium4.obj
 0002:00008860       _Zero                      00420860     libucrt:ceil_pentium4.obj
 0002:00008870       _S                         00420870     libucrt:ceil_pentium4.obj
 0002:00008880       _NegZero                   00420880     libucrt:ceil_pentium4.obj
 0002:000088a0       emask                      004208a0     libucrt:log10_pentium4.obj
 0002:000088b0       CC                         004208b0     libucrt:log10_pentium4.obj
 0002:000088c0       Magic                      004208c0     libucrt:log10_pentium4.obj
 0002:000088d0       hi_mask                    004208d0     libucrt:log10_pentium4.obj
 0002:000088e0       LOG10_2                    004208e0     libucrt:log10_pentium4.obj
 0002:000088f0       place_L                    004208f0     libucrt:log10_pentium4.obj
 0002:00008910       One                        00420910     libucrt:log10_pentium4.obj
 0002:00008920       Zero                       00420920     libucrt:log10_pentium4.obj
 0002:00008930       Two52                      00420930     libucrt:log10_pentium4.obj
 0002:00008940       Infs                       00420940     libucrt:log10_pentium4.obj
 0002:00008950       NaN                        00420950     libucrt:log10_pentium4.obj
 0002:00008960       coeff                      00420960     libucrt:log10_pentium4.obj
 0002:000091c0       two32                      004211c0     LIBCMT:ftol2.obj
 0002:000091c4       two63                      004211c4     LIBCMT:ftol2.obj
 0002:000091c8       _NaN                       004211c8     LIBCMT:ftol2.obj
 0002:000095e0       __sehtable$?__scrt_common_main_seh@@YAHXZ 004215e0     LIBCMT:exe_main.obj
 0002:00009600       __sehtable$___scrt_is_nonwritable_in_current_image 00421600     LIBCMT:utility.obj
 0002:00009620       __sehtable$___DestructExceptionObject 00421620     libvcruntime:ehhelpers.obj
 0002:00009640       __sehtable$??$?RV<lambda_c29ee0499b841886b80d843682cc403a>@@AAV<lambda_0be4ab1c2a6918fda4e39227d83ea893>@@V<lambda_5a3ed3da325c8ea037a470278c0f2d16>@@@?$__crt_seh_guarded_call@H@@QAEH$$QAV<lambda_c29ee0499b841886b80d843682cc403a>@@AAV<lambda_0be4ab1c2a6918fda4e39227d83ea893>@@$$QAV<lambda_5a3ed3da325c8ea037a470278c0f2d16>@@@Z 00421640     libucrt:output.obj
 0002:00009660       __sehtable$??R<lambda_6e4b09c48022b2350581041d5f6b0c4c>@@QBE@XZ 00421660     libucrt:exit.obj
 0002:00009680       __sehtable$??$?RV<lambda_03b1d95aef87969028cfba75ccab2455>@@AAV<lambda_6e4b09c48022b2350581041d5f6b0c4c>@@V<lambda_22bdf7517842c4b3e53723af5aa32b9e>@@@?$__crt_seh_guarded_call@X@@QAEX$$QAV<lambda_03b1d95aef87969028cfba75ccab2455>@@AAV<lambda_6e4b09c48022b2350581041d5f6b0c4c>@@$$QAV<lambda_22bdf7517842c4b3e53723af5aa32b9e>@@@Z 00421680     libucrt:exit.obj
 0002:000096a0       __sehtable$??$?RV<lambda_e5124f882df8998aaf41531e079ba474>@@AAV<lambda_3e16ef9562a7dcce91392c22ab16ea36>@@V<lambda_e25ca0880e6ef98be67edffd8c599615>@@@?$__crt_seh_guarded_call@X@@QAEX$$QAV<lambda_e5124f882df8998aaf41531e079ba474>@@AAV<lambda_3e16ef9562a7dcce91392c22ab16ea36>@@$$QAV<lambda_e25ca0880e6ef98be67edffd8c599615>@@@Z 004216a0     libucrt:wsetlocale.obj
 0002:000096c0       __sehtable$??$?RV<lambda_8e746cf0007f6ed984d6f78af1fec997>@@AAV<lambda_22ebabd17bc4fa466a2aca6d8deb888d>@@V<lambda_18ed0c0b38a6dc0daf1e7ac6d6adf05e>@@@?$__crt_seh_guarded_call@H@@QAEH$$QAV<lambda_8e746cf0007f6ed984d6f78af1fec997>@@AAV<lambda_22ebabd17bc4fa466a2aca6d8deb888d>@@$$QAV<lambda_18ed0c0b38a6dc0daf1e7ac6d6adf05e>@@@Z 004216c0     libucrt:onexit.obj
 0002:000096e0       __sehtable$??$?RV<lambda_69a2805e680e0e292e8ba93315fe43a8>@@AAV<lambda_f03950bc5685219e0bcd2087efbe011e>@@V<lambda_03fcd07e894ec930e3f35da366ca99d6>@@@?$__crt_seh_guarded_call@H@@QAEH$$QAV<lambda_69a2805e680e0e292e8ba93315fe43a8>@@AAV<lambda_f03950bc5685219e0bcd2087efbe011e>@@$$QAV<lambda_03fcd07e894ec930e3f35da366ca99d6>@@@Z 004216e0     libucrt:onexit.obj
 0002:00009700       __sehtable$_terminate      00421700     libucrt:terminate.obj
 0002:00009720       __sehtable$__fcloseall     00421720     libucrt:closeall.obj
 0002:00009740       __sehtable$??$?RV<lambda_2866be3712abc81a800a822484c830d8>@@AAV<lambda_39ca0ed439415581b5b15c265174cece>@@V<lambda_2b24c74d71094a6cd0cb82e44167d71b>@@@?$__crt_seh_guarded_call@X@@QAEX$$QAV<lambda_2866be3712abc81a800a822484c830d8>@@AAV<lambda_39ca0ed439415581b5b15c265174cece>@@$$QAV<lambda_2b24c74d71094a6cd0cb82e44167d71b>@@@Z 00421740     libucrt:fflush.obj
 0002:00009760       __sehtable$??$?RV<lambda_2cc53f568c5a2bb6f192f930a45d44ea>@@AAV<lambda_ab61a845afdef5b7c387490eaf3616ee>@@V<lambda_c2ffc0b7726aa6be21d5f0026187e748>@@@?$__crt_seh_guarded_call@X@@QAEX$$QAV<lambda_2cc53f568c5a2bb6f192f930a45d44ea>@@AAV<lambda_ab61a845afdef5b7c387490eaf3616ee>@@$$QAV<lambda_c2ffc0b7726aa6be21d5f0026187e748>@@@Z 00421760     libucrt:fflush.obj
 0002:00009780       __sehtable$___acrt_initialize_lowio 00421780     libucrt:ioinit.obj
 0002:000097a0       __sehtable$??$?RV<lambda_15ade71b0218206bbe3333a0c9b79046>@@AAV<lambda_da44e0f8b0f19ba52fefafb335991732>@@V<lambda_207f2d024fc103971653565357d6cd41>@@@?$__crt_seh_guarded_call@X@@QAEX$$QAV<lambda_15ade71b0218206bbe3333a0c9b79046>@@AAV<lambda_da44e0f8b0f19ba52fefafb335991732>@@$$QAV<lambda_207f2d024fc103971653565357d6cd41>@@@Z 004217a0     libucrt:per_thread_data.obj
 0002:000097c0       __sehtable$??$?RV<lambda_a7e850c220f1c8d1e6efeecdedd162c6>@@AAV<lambda_46720907175c18b6c9d2717bc0d2d362>@@V<lambda_9048902d66e8d99359bc9897bbb930a8>@@@?$__crt_seh_guarded_call@X@@QAEX$$QAV<lambda_a7e850c220f1c8d1e6efeecdedd162c6>@@AAV<lambda_46720907175c18b6c9d2717bc0d2d362>@@$$QAV<lambda_9048902d66e8d99359bc9897bbb930a8>@@@Z 004217c0     libucrt:per_thread_data.obj
 0002:000097e0       __sehtable$??$?RV<lambda_38edbb1296d33220d7e4dd0ed76b244a>@@AAV<lambda_5ce1d447e08cb34b2473517608e21441>@@V<lambda_fb385d3da700c9147fc39e65dd577a8c>@@@?$__crt_seh_guarded_call@X@@QAEX$$QAV<lambda_38edbb1296d33220d7e4dd0ed76b244a>@@AAV<lambda_5ce1d447e08cb34b2473517608e21441>@@$$QAV<lambda_fb385d3da700c9147fc39e65dd577a8c>@@@Z 004217e0     libucrt:per_thread_data.obj
 0002:00009800       __sehtable$??$?RV<lambda_6affb1475c98b40b75cdec977db92e3c>@@AAV<lambda_b8d4b9c228a6ecc3f80208dbb4b4a104>@@V<lambda_608742c3c92a14382c1684fc64f96c88>@@@?$__crt_seh_guarded_call@X@@QAEX$$QAV<lambda_6affb1475c98b40b75cdec977db92e3c>@@AAV<lambda_b8d4b9c228a6ecc3f80208dbb4b4a104>@@$$QAV<lambda_608742c3c92a14382c1684fc64f96c88>@@@Z 00421800     libucrt:per_thread_data.obj
 0002:00009820       __sehtable$___set_fpsr_sse2 00421820     libucrt:fpctrl.obj
 0002:00009840       __sehtable$?update_thread_multibyte_data_internal@@YAPAU__crt_multibyte_data@@QAU__acrt_ptd@@QAPAU1@@Z 00421840     libucrt:mbctype.obj
 0002:00009860       __sehtable$??$?RV<lambda_ceb1ee4838e85a9d631eb091e2fbe199>@@AAV<lambda_ae742caa10f662c28703da3d2ea5e57e>@@V<lambda_cd08b5d6af4937fe54fc07d0c9bf6b37>@@@?$__crt_seh_guarded_call@X@@QAEX$$QAV<lambda_ceb1ee4838e85a9d631eb091e2fbe199>@@AAV<lambda_ae742caa10f662c28703da3d2ea5e57e>@@$$QAV<lambda_cd08b5d6af4937fe54fc07d0c9bf6b37>@@@Z 00421860     libucrt:mbctype.obj
 0002:00009880       __sehtable$___acrt_lowio_ensure_fh_exists 00421880     libucrt:osfinfo.obj
 0002:000098a0       __sehtable$___acrt_update_thread_locale_data 004218a0     libucrt:locale_refcounting.obj
 0002:000098c0       __sehtable$__query_new_handler 004218c0     libucrt:new_handler.obj
 0002:000098e0       __sehtable$_raise          004218e0     libucrt:signal.obj
 0002:00009900       __sehtable$??$?RV<lambda_cbab9ec6f41b0180b23cc171c22676b0>@@AAV<lambda_44731a7d0e6d81c3e6aa82d741081786>@@V<lambda_4b292cb8dd18144e164572427af410ab>@@@?$__crt_seh_guarded_call@P6AXH@Z@@QAEP6AXH@Z$$QAV<lambda_cbab9ec6f41b0180b23cc171c22676b0>@@AAV<lambda_44731a7d0e6d81c3e6aa82d741081786>@@$$QAV<lambda_4b292cb8dd18144e164572427af410ab>@@@Z 00421900     libucrt:signal.obj
 0002:00009920       __sehtable$_fclose         00421920     libucrt:fclose.obj
 0002:00009940       __sehtable$??$?RV<lambda_9e9de3de5fa147e2223d7db92bc10aa6>@@AAV<lambda_38ce7e780aa69e748d6df282ebc68efe>@@V<lambda_8ca6da459f0f6780f1cff60fdc3d00e5>@@@?$__crt_seh_guarded_call@H@@QAEH$$QAV<lambda_9e9de3de5fa147e2223d7db92bc10aa6>@@AAV<lambda_38ce7e780aa69e748d6df282ebc68efe>@@$$QAV<lambda_8ca6da459f0f6780f1cff60fdc3d00e5>@@@Z 00421940     libucrt:commit.obj
 0002:00009960       __sehtable$__write         00421960     libucrt:write.obj
 0002:00009980       __sehtable$??$?RV<lambda_218ce3db14220d0be481dae8ef3383b6>@@AAV<lambda_628dfdc04ba53c8bfc02c9951375f3f5>@@V<lambda_57dc472bd5c9d5f3b2cbca59b8a843ae>@@@?$__crt_seh_guarded_call@H@@QAEH$$QAV<lambda_218ce3db14220d0be481dae8ef3383b6>@@AAV<lambda_628dfdc04ba53c8bfc02c9951375f3f5>@@$$QAV<lambda_57dc472bd5c9d5f3b2cbca59b8a843ae>@@@Z 00421980     libucrt:close.obj
 0002:000099a0       __sehtable$??$common_lseek@_J@@YA_JH_JH@Z 004219a0     libucrt:lseek.obj
 0002:000099c0       __sehtable$__IsNonwritableInCurrentImage 004219c0     LIBCMT:pesect.obj
 0002:000099e0       .edata                     004219e0     mudff.exp
 0002:00009a08       rgpv                       00421a08     mudff.exp
 0002:00009a10       rgszName                   00421a10     mudff.exp
 0002:00009a18       rgwOrd                     00421a18     mudff.exp
 0002:00009a1c       szName                     00421a1c     mudff.exp
 0002:00009a26       $N00001                    00421a26     mudff.exp
 0002:00009a3d       $N00002                    00421a3d     mudff.exp
 0002:0000a050       .idata$6                   00422050     kernel32:KERNEL32.dll
 0003:00000000       _pcg32_global              00423000     pcg_basic.obj
 0003:00000050       ?__vcrt_flsindex@@3KA      00423050     libvcruntime:per_thread_data.obj
 0003:00000120       ?errno_no_memory@@3HA      00423120     libucrt:errno.obj
 0003:00000124       ?doserrno_no_memory@@3KA   00423124     libucrt:errno.obj
 0003:00000160       ?__acrt_flsindex@@3KA      00423160     libucrt:per_thread_data.obj
 0003:0000022c       ?__DAZ_ENABLED@?1??__set_fpsr_sse2@@9@9 0042322c     libucrt:fpctrl.obj
 0003:00000450       __mbctypes                 00423450     libucrt:mbctype.obj
 0003:00000558       __mbcasemaps               00423558     libucrt:mbctype.obj
 0003:00000658       ?__rgctypeflag@@3PADA      00423658     libucrt:mbctype.obj
 0003:00000660       ?__rgcode_page_info@@3PAUcode_page_info@@A 00423660     libucrt:mbctype.obj
 0003:000008b0       ?__dcrt_lowio_console_output_handle@@3PAXA 004238b0     libucrt:initcon.obj
 0003:000008d8       ?is_initialized_as_dll@@3_NA 004238d8     LIBCMT:utility.obj
 0003:000008d9       ?module_local_atexit_table_initialized@@3_NA 004238d9     LIBCMT:utility.obj
 0003:000008dc       ?module_local_atexit_table@@3U_onexit_table_t@@A 004238dc     LIBCMT:utility.obj
 0003:000008e8       ?module_local_at_quick_exit_table@@3U_onexit_table_t@@A 004238e8     LIBCMT:utility.obj
 0003:00000910       _GS_ExceptionRecord        00423910     LIBCMT:gs_report.obj
 0003:00000960       _GS_ContextRecord          00423960     LIBCMT:gs_report.obj
 0003:00000c30       ?__vcrt_startup_thread_ptd@@3U__vcrt_ptd@@A 00423c30     libvcruntime:per_thread_data.obj
 0003:00000c58       ___vcrt_lock_table         00423c58     libvcruntime:locks.obj
 0003:00000c70       ___vcrt_locks_initialized  00423c70     libvcruntime:locks.obj
 0003:00000c9c       ?heap@@3V_HeapManager@@A   00423c9c     libvcruntime:undname.obj
 0003:00000cb0       ?module_handles@@3PAPAUHINSTANCE__@@A 00423cb0     libvcruntime:winapi_downlevel.obj
 0003:00000cbc       ?function_pointers@@3PAPAXA 00423cbc     libvcruntime:winapi_downlevel.obj
 0003:00000ce0       ?__acrt_app_type@@3W4_crt_app_type@@A 00423ce0     libucrt:report_runtime_error.obj
 0003:00000ce4       ?user_matherr@@3V?$dual_state_global@P6AHPAU_exception@@@Z@__crt_state_management@@A 00423ce4     libucrt:matherr.obj
 0003:00000ce8       ?program_name@?1???$common_configure_argv@D@@YAHW4_crt_argv_mode@@@Z@4PADA 00423ce8     libucrt:argv_parsing.obj
 0003:00000e00       ?c_termination_complete@@3JA 00423e00     libucrt:exit.obj
 0003:00000e04       ?thread_local_exit_callback_func@@3P6GXPAXK0@ZA 00423e04     libucrt:exit.obj
 0003:00000e28       ?__acrt_global_new_mode@@3V?$dual_state_global@J@__crt_state_management@@A 00423e28     libucrt:new_mode.obj
 0003:00000e48       ?__acrt_invalid_parameter_handler@@3V?$dual_state_global@P6AXPB_W00II@Z@__crt_state_management@@A 00423e48     libucrt:invalid_parameter.obj
 0003:00000e50       ?module_handles@@3PAPAUHINSTANCE__@@A 00423e50     libucrt:winapi_thunks.obj
 0003:00000ea0       ?encoded_function_pointers@@3PAPAXA 00423ea0     libucrt:winapi_thunks.obj
 0003:0000112c       ?internal_state@?1??_mbtowc_l@@9@4U_Mbstatet@@A 0042412c     libucrt:mbtowc.obj
 0003:00001134       ?enable_percent_n@@3IA     00424134     libucrt:printf_count_output.obj
 0003:00001150       ?fSystemSet@@3HA           00424150     libucrt:mbctype.obj
 0003:00001154       ?initialized@?1??__acrt_initialize_multibyte@@9@4_NA 00424154     libucrt:mbctype.obj
 0003:00001158       ?__acrt_lock_table@@3PAU_RTL_CRITICAL_SECTION@@A 00424158     libucrt:locks.obj
 0003:000012a8       ?__acrt_locks_initialized@@3IA 004242a8     libucrt:locks.obj
 0003:000012bc       ?__acrt_new_handler@@3V?$dual_state_global@P6AHI@Z@__crt_state_management@@A 004242bc     libucrt:new_handler.obj
 0003:000012c0       ?ctrlc_action@@3V?$dual_state_global@P6AXH@Z@__crt_state_management@@A 004242c0     libucrt:signal.obj
 0003:000012c4       ?ctrlbreak_action@@3V?$dual_state_global@P6AXH@Z@__crt_state_management@@A 004242c4     libucrt:signal.obj
 0003:000012c8       ?abort_action@@3V?$dual_state_global@P6AXH@Z@__crt_state_management@@A 004242c8     libucrt:signal.obj
 0003:000012cc       ?term_action@@3V?$dual_state_global@P6AXH@Z@__crt_state_management@@A 004242cc     libucrt:signal.obj
 0003:000012d4       __pmatherr_set             004242d4     libucrt:libm_error.obj
 0003:000012d8       ?internal_pst@?1??__mbrtoc32_utf8@__crt_mbstring@@YAIPA_UPBDIPAU_Mbstatet@@@Z@4U3@A 004242d8     libucrt:mbrtoc32.obj
 0004:00000060       $R000000                   00425060     * linker generated manifest res *
